// Jest Snapshot v1, https://goo.gl/fbAQLP

exports[`Modal with overriden padding 1`] = `
.c5 {
  padding: 0px 0px;
  overflow-y: auto;
  -webkit-flex: 1 1 auto;
  -ms-flex: 1 1 auto;
  flex: 1 1 auto;
}

.c3 {
  display: -webkit-box;
  display: -webkit-flex;
  display: -ms-flexbox;
  display: flex;
  padding: 1.4rem 2.1rem;
  border-radius: 0.4rem 0.4rem 0rem 0rem;
  background: #f2f2f2;
  border-bottom: none;
  min-height: 5.6rem;
}

.c6 {
  padding: 2.8rem 2.1rem;
  justify-self: flex-end;
  border-top: none;
}

.c2 {
  display: -webkit-box;
  display: -webkit-flex;
  display: -ms-flexbox;
  display: flex;
  -webkit-flex-direction: column;
  -ms-flex-direction: column;
  flex-direction: column;
  height: 100%;
  min-height: inherit;
}

.c4 {
  display: -webkit-box;
  display: -webkit-flex;
  display: -ms-flexbox;
  display: flex;
  -webkit-flex-direction: column;
  -ms-flex-direction: column;
  flex-direction: column;
  -webkit-box-flex: 1;
  -webkit-flex-grow: 1;
  -ms-flex-positive: 1;
  flex-grow: 1;
  max-height: calc(100vh - 19.6rem);
  min-height: 29.4rem;
}

.c1 {
  cursor: inherit;
  display: inline-block;
  height: 18px;
  width: 18px;
}

.c0 {
  width: 63rem !important;
}

.c0 .rc-dialog-body {
  padding: 0;
  height: auto;
  max-height: calc(100vh - 14rem);
  min-height: 35rem;
}

.c0 .rc-dialog-content {
  border-radius: 0.4rem;
}

.c0 .rc-dialog-close {
  right: -1rem;
  top: -1rem;
  opacity: unset;
  padding: 0.15rem;
  line-height: 0;
  background-color: #808080;
  border-radius: 999px;
}

.c0 .rc-dialog-close svg {
  fill: #e6e6e6;
}

.c0.modal-appear,
.c0.modal-enter {
  opacity: 0;
  -webkit-transform: scale(0.9);
  -ms-transform: scale(0.9);
  transform: scale(0.9);
}

.c0.modal-appear.modal-appear-active,
.c0.modal-enter.modal-enter-active {
  opacity: 1;
  -webkit-transform: scale(1.0);
  -ms-transform: scale(1.0);
  transform: scale(1.0);
  -webkit-transition: opacity 250ms cubic-bezier(0,0,0,1) 50ms,-webkit-transform 250ms cubic-bezier(0,0,0,1) 50ms;
  -webkit-transition: opacity 250ms cubic-bezier(0,0,0,1) 50ms,transform 250ms cubic-bezier(0,0,0,1) 50ms;
  transition: opacity 250ms cubic-bezier(0,0,0,1) 50ms,transform 250ms cubic-bezier(0,0,0,1) 50ms;
}

.c0.modal-leave {
  opacity: 1;
  -webkit-transform: scale(1);
  -ms-transform: scale(1);
  transform: scale(1);
}

.c0.modal-leave.modal-leave-active {
  opacity: 0;
  -webkit-transform: scale(0.9);
  -ms-transform: scale(0.9);
  transform: scale(0.9);
  -webkit-transition: opacity 250ms cubic-bezier(1,0,1,1),-webkit-transform 250ms cubic-bezier(1,0,1,1);
  -webkit-transition: opacity 250ms cubic-bezier(1,0,1,1),transform 250ms cubic-bezier(1,0,1,1);
  transition: opacity 250ms cubic-bezier(1,0,1,1),transform 250ms cubic-bezier(1,0,1,1);
}

.c0.modalMask-appear,
.c0.modalMask-enter {
  opacity: 0;
}

.c0.modalMask-appear.modalMask-appear-active,
.c0.modalMask-enter.modalMask-enter-active {
  opacity: 1;
  -webkit-transition: opacity 100ms ease-out;
  transition: opacity 100ms ease-out;
}

.c0.modalMask-leave {
  opacity: 1;
}

.c0.modalMask-leave.modalMask-leave-active {
  opacity: 0;
  -webkit-transition: opacity 100ms ease-out;
  transition: opacity 100ms ease-out;
}

<div
  class="rc-dialog-wrap "
  role="dialog"
  tabindex="-1"
>
  <div
    class="rc-dialog custom-class c0 modal-appear"
    role="document"
  >
    <div
      aria-hidden="true"
      style="width: 0px; height: 0px; overflow: hidden;"
      tabindex="0"
    />
    <div
      class="rc-dialog-content"
    >
      <button
        aria-label="Close"
        class="rc-dialog-close"
      >
        <span
          class="c1"
          height="18px"
          type="oClear"
          width="18px"
        >
          <svg
            fill="#000"
            height="18px"
            viewBox="0 0 24 24"
            width="18px"
            xmlns="http://www.w3.org/2000/svg"
          >
            <path
              d="M19 6.41L17.59 5L12 10.59L6.41 5L5 6.41L10.59 12L5 17.59L6.41 19L12 13.41L17.59 19L19 17.59L13.41 12L19 6.41Z"
            />
          </svg>
        </span>
      </button>
      <div
        class="rc-dialog-body"
      >
        <div
          class="c2"
        >
          <div
            class="c3"
          >
            Title
          </div>
          <div
            class="c4"
          >
            <div
              class="c5"
            >
              <div>
                Body
              </div>
            </div>
            <div
              class="c6"
            >
              <div>
                Footer
              </div>
            </div>
          </div>
        </div>
      </div>
    </div>
    <div
      aria-hidden="true"
      style="width: 0px; height: 0px; overflow: hidden;"
      tabindex="0"
    />
  </div>
</div>
`;

exports[`Modal with size large with a bottom panel 1`] = `
.c5 {
  padding: 2.8rem 2.1rem;
  overflow-y: auto;
  -webkit-flex: 1 1 auto;
  -ms-flex: 1 1 auto;
  flex: 1 1 auto;
}

.c3 {
  display: -webkit-box;
  display: -webkit-flex;
  display: -ms-flexbox;
  display: flex;
  padding: 1.4rem 2.1rem;
  border-radius: 0.4rem 0.4rem 0rem 0rem;
  background: #f2f2f2;
  border-bottom: none;
  min-height: 5.6rem;
}

.c6 {
  padding: 2.8rem 2.1rem;
  justify-self: flex-end;
  border-top: none;
}

.c2 {
  display: -webkit-box;
  display: -webkit-flex;
  display: -ms-flexbox;
  display: flex;
  -webkit-flex-direction: column;
  -ms-flex-direction: column;
  flex-direction: column;
  height: 100%;
  min-height: inherit;
}

.c4 {
  display: -webkit-box;
  display: -webkit-flex;
  display: -ms-flexbox;
  display: flex;
  -webkit-flex-direction: column;
  -ms-flex-direction: column;
  flex-direction: column;
  -webkit-box-flex: 1;
  -webkit-flex-grow: 1;
  -ms-flex-positive: 1;
  flex-grow: 1;
  max-height: calc(100vh - 19.6rem);
  min-height: 29.4rem;
}

.c7 {
  box-sizing: border-box;
  height: 8.4rem;
  border-top: 1px solid #d9d9d9;
}

.c1 {
  cursor: inherit;
  display: inline-block;
  height: 18px;
  width: 18px;
}

.c0 {
  width: 63rem !important;
}

.c0 .rc-dialog-body {
  padding: 0;
  height: auto;
  max-height: calc(100vh - 14rem);
  min-height: 35rem;
}

.c0 .rc-dialog-content {
  border-radius: 0.4rem;
}

.c0 .rc-dialog-close {
  right: -1rem;
  top: -1rem;
  opacity: unset;
  padding: 0.15rem;
  line-height: 0;
  background-color: #808080;
  border-radius: 999px;
}

.c0 .rc-dialog-close svg {
  fill: #e6e6e6;
}

.c0.modal-appear,
.c0.modal-enter {
  opacity: 0;
  -webkit-transform: scale(0.9);
  -ms-transform: scale(0.9);
  transform: scale(0.9);
}

.c0.modal-appear.modal-appear-active,
.c0.modal-enter.modal-enter-active {
  opacity: 1;
  -webkit-transform: scale(1.0);
  -ms-transform: scale(1.0);
  transform: scale(1.0);
  -webkit-transition: opacity 250ms cubic-bezier(0,0,0,1) 50ms,-webkit-transform 250ms cubic-bezier(0,0,0,1) 50ms;
  -webkit-transition: opacity 250ms cubic-bezier(0,0,0,1) 50ms,transform 250ms cubic-bezier(0,0,0,1) 50ms;
  transition: opacity 250ms cubic-bezier(0,0,0,1) 50ms,transform 250ms cubic-bezier(0,0,0,1) 50ms;
}

.c0.modal-leave {
  opacity: 1;
  -webkit-transform: scale(1);
  -ms-transform: scale(1);
  transform: scale(1);
}

.c0.modal-leave.modal-leave-active {
  opacity: 0;
  -webkit-transform: scale(0.9);
  -ms-transform: scale(0.9);
  transform: scale(0.9);
  -webkit-transition: opacity 250ms cubic-bezier(1,0,1,1),-webkit-transform 250ms cubic-bezier(1,0,1,1);
  -webkit-transition: opacity 250ms cubic-bezier(1,0,1,1),transform 250ms cubic-bezier(1,0,1,1);
  transition: opacity 250ms cubic-bezier(1,0,1,1),transform 250ms cubic-bezier(1,0,1,1);
}

.c0.modalMask-appear,
.c0.modalMask-enter {
  opacity: 0;
}

.c0.modalMask-appear.modalMask-appear-active,
.c0.modalMask-enter.modalMask-enter-active {
  opacity: 1;
  -webkit-transition: opacity 100ms ease-out;
  transition: opacity 100ms ease-out;
}

.c0.modalMask-leave {
  opacity: 1;
}

.c0.modalMask-leave.modalMask-leave-active {
  opacity: 0;
  -webkit-transition: opacity 100ms ease-out;
  transition: opacity 100ms ease-out;
}

<div
  class="rc-dialog-wrap "
  role="dialog"
  tabindex="-1"
>
  <div
    class="rc-dialog c0 modal-appear"
    role="document"
  >
    <div
      aria-hidden="true"
      style="width: 0px; height: 0px; overflow: hidden;"
      tabindex="0"
    />
    <div
      class="rc-dialog-content"
    >
      <button
        aria-label="Close"
        class="rc-dialog-close"
      >
        <span
          class="c1"
          height="18px"
          type="oClear"
          width="18px"
        >
          <svg
            fill="#000"
            height="18px"
            viewBox="0 0 24 24"
            width="18px"
            xmlns="http://www.w3.org/2000/svg"
          >
            <path
              d="M19 6.41L17.59 5L12 10.59L6.41 5L5 6.41L10.59 12L5 17.59L6.41 19L12 13.41L17.59 19L19 17.59L13.41 12L19 6.41Z"
            />
          </svg>
        </span>
      </button>
      <div
        class="rc-dialog-body"
      >
        <div
          class="c2"
        >
          <div
            class="c3"
          >
            Title
          </div>
          <div
            class="c4"
          >
            <div
              class="c5"
            >
              <div>
                Body
              </div>
            </div>
            <div
              class="c6"
            >
              <div>
                Footer
              </div>
            </div>
            <div
              class="c7"
            >
              <div>
                Panel content
              </div>
            </div>
          </div>
        </div>
      </div>
    </div>
    <div
      aria-hidden="true"
      style="width: 0px; height: 0px; overflow: hidden;"
      tabindex="0"
    />
  </div>
</div>
`;

exports[`Modal with size large with a left panel 1`] = `
.c7 {
  padding: 2.8rem 2.1rem;
  overflow-y: auto;
  -webkit-flex: 1 1 auto;
  -ms-flex: 1 1 auto;
  flex: 1 1 auto;
}

.c3 {
  display: -webkit-box;
  display: -webkit-flex;
  display: -ms-flexbox;
  display: flex;
  padding: 1.4rem 2.1rem;
  border-radius: 0.4rem 0.4rem 0rem 0rem;
  background: #f2f2f2;
  border-bottom: none;
  min-height: 5.6rem;
}

.c8 {
  padding: 2.8rem 2.1rem;
  justify-self: flex-end;
  border-top: none;
}

.c2 {
  display: -webkit-box;
  display: -webkit-flex;
  display: -ms-flexbox;
  display: flex;
  -webkit-flex-direction: column;
  -ms-flex-direction: column;
  flex-direction: column;
  height: 100%;
  min-height: inherit;
}

.c4 {
  display: -webkit-box;
  display: -webkit-flex;
  display: -ms-flexbox;
  display: flex;
  -webkit-flex-direction: row;
  -ms-flex-direction: row;
  flex-direction: row;
  -webkit-align-items: stretch;
  -webkit-box-align: stretch;
  -ms-flex-align: stretch;
  align-items: stretch;
  -webkit-flex: 1 1 auto;
  -ms-flex: 1 1 auto;
  flex: 1 1 auto;
  max-height: calc(100vh - 19.6rem);
  min-height: 29.4rem;
}

.c5 {
  width: 21rem;
  -webkit-flex-shrink: 0;
  -ms-flex-negative: 0;
  flex-shrink: 0;
  border-right: 1px solid #d9d9d9;
  overflow-y: auto;
}

.c6 {
  display: -webkit-box;
  display: -webkit-flex;
  display: -ms-flexbox;
  display: flex;
  -webkit-flex-direction: column;
  -ms-flex-direction: column;
  flex-direction: column;
  -webkit-box-flex: 1;
  -webkit-flex-grow: 1;
  -ms-flex-positive: 1;
  flex-grow: 1;
}

.c1 {
  cursor: inherit;
  display: inline-block;
  height: 18px;
  width: 18px;
}

.c0 {
  width: 63rem !important;
}

.c0 .rc-dialog-body {
  padding: 0;
  height: auto;
  max-height: calc(100vh - 14rem);
  min-height: 35rem;
}

.c0 .rc-dialog-content {
  border-radius: 0.4rem;
}

.c0 .rc-dialog-close {
  right: -1rem;
  top: -1rem;
  opacity: unset;
  padding: 0.15rem;
  line-height: 0;
  background-color: #808080;
  border-radius: 999px;
}

.c0 .rc-dialog-close svg {
  fill: #e6e6e6;
}

.c0.modal-appear,
.c0.modal-enter {
  opacity: 0;
  -webkit-transform: scale(0.9);
  -ms-transform: scale(0.9);
  transform: scale(0.9);
}

.c0.modal-appear.modal-appear-active,
.c0.modal-enter.modal-enter-active {
  opacity: 1;
  -webkit-transform: scale(1.0);
  -ms-transform: scale(1.0);
  transform: scale(1.0);
  -webkit-transition: opacity 250ms cubic-bezier(0,0,0,1) 50ms,-webkit-transform 250ms cubic-bezier(0,0,0,1) 50ms;
  -webkit-transition: opacity 250ms cubic-bezier(0,0,0,1) 50ms,transform 250ms cubic-bezier(0,0,0,1) 50ms;
  transition: opacity 250ms cubic-bezier(0,0,0,1) 50ms,transform 250ms cubic-bezier(0,0,0,1) 50ms;
}

.c0.modal-leave {
  opacity: 1;
  -webkit-transform: scale(1);
  -ms-transform: scale(1);
  transform: scale(1);
}

.c0.modal-leave.modal-leave-active {
  opacity: 0;
  -webkit-transform: scale(0.9);
  -ms-transform: scale(0.9);
  transform: scale(0.9);
  -webkit-transition: opacity 250ms cubic-bezier(1,0,1,1),-webkit-transform 250ms cubic-bezier(1,0,1,1);
  -webkit-transition: opacity 250ms cubic-bezier(1,0,1,1),transform 250ms cubic-bezier(1,0,1,1);
  transition: opacity 250ms cubic-bezier(1,0,1,1),transform 250ms cubic-bezier(1,0,1,1);
}

.c0.modalMask-appear,
.c0.modalMask-enter {
  opacity: 0;
}

.c0.modalMask-appear.modalMask-appear-active,
.c0.modalMask-enter.modalMask-enter-active {
  opacity: 1;
  -webkit-transition: opacity 100ms ease-out;
  transition: opacity 100ms ease-out;
}

.c0.modalMask-leave {
  opacity: 1;
}

.c0.modalMask-leave.modalMask-leave-active {
  opacity: 0;
  -webkit-transition: opacity 100ms ease-out;
  transition: opacity 100ms ease-out;
}

<div
  class="rc-dialog-wrap "
  role="dialog"
  tabindex="-1"
>
  <div
    class="rc-dialog c0 modal-appear"
    role="document"
  >
    <div
      aria-hidden="true"
      style="width: 0px; height: 0px; overflow: hidden;"
      tabindex="0"
    />
    <div
      class="rc-dialog-content"
    >
      <button
        aria-label="Close"
        class="rc-dialog-close"
      >
        <span
          class="c1"
          height="18px"
          type="oClear"
          width="18px"
        >
          <svg
            fill="#000"
            height="18px"
            viewBox="0 0 24 24"
            width="18px"
            xmlns="http://www.w3.org/2000/svg"
          >
            <path
              d="M19 6.41L17.59 5L12 10.59L6.41 5L5 6.41L10.59 12L5 17.59L6.41 19L12 13.41L17.59 19L19 17.59L13.41 12L19 6.41Z"
            />
          </svg>
        </span>
      </button>
      <div
        class="rc-dialog-body"
      >
        <div
          class="c2"
        >
          <div
            class="c3"
          >
            Title
          </div>
          <div
            class="c4"
          >
            <div
              class="c5"
            >
              <div>
                Panel content
              </div>
            </div>
            <div
              class="c6"
            >
              <div
                class="c7"
              >
                <div>
                  Body
                </div>
              </div>
              <div
                class="c8"
              >
                <div>
                  Footer
                </div>
              </div>
            </div>
          </div>
        </div>
      </div>
    </div>
    <div
      aria-hidden="true"
      style="width: 0px; height: 0px; overflow: hidden;"
      tabindex="0"
    />
  </div>
</div>
`;

exports[`Modal with size large with a right panel 1`] = `
.c6 {
  padding: 2.8rem 2.1rem;
  overflow-y: auto;
  -webkit-flex: 1 1 auto;
  -ms-flex: 1 1 auto;
  flex: 1 1 auto;
}

.c3 {
  display: -webkit-box;
  display: -webkit-flex;
  display: -ms-flexbox;
  display: flex;
  padding: 1.4rem 2.1rem;
  border-radius: 0.4rem 0.4rem 0rem 0rem;
  background: #f2f2f2;
  border-bottom: none;
  min-height: 5.6rem;
}

.c7 {
  padding: 2.8rem 2.1rem;
  justify-self: flex-end;
  border-top: none;
}

.c2 {
  display: -webkit-box;
  display: -webkit-flex;
  display: -ms-flexbox;
  display: flex;
  -webkit-flex-direction: column;
  -ms-flex-direction: column;
  flex-direction: column;
  height: 100%;
  min-height: inherit;
}

.c4 {
  display: -webkit-box;
  display: -webkit-flex;
  display: -ms-flexbox;
  display: flex;
  -webkit-flex-direction: row;
  -ms-flex-direction: row;
  flex-direction: row;
  -webkit-align-items: stretch;
  -webkit-box-align: stretch;
  -ms-flex-align: stretch;
  align-items: stretch;
  -webkit-flex: 1 1 auto;
  -ms-flex: 1 1 auto;
  flex: 1 1 auto;
  max-height: calc(100vh - 19.6rem);
  min-height: 29.4rem;
}

.c8 {
  width: 21rem;
  -webkit-flex-shrink: 0;
  -ms-flex-negative: 0;
  flex-shrink: 0;
  border-left: 1px solid #d9d9d9;
  overflow-y: auto;
}

.c5 {
  display: -webkit-box;
  display: -webkit-flex;
  display: -ms-flexbox;
  display: flex;
  -webkit-flex-direction: column;
  -ms-flex-direction: column;
  flex-direction: column;
  -webkit-box-flex: 1;
  -webkit-flex-grow: 1;
  -ms-flex-positive: 1;
  flex-grow: 1;
}

.c1 {
  cursor: inherit;
  display: inline-block;
  height: 18px;
  width: 18px;
}

.c0 {
  width: 63rem !important;
}

.c0 .rc-dialog-body {
  padding: 0;
  height: auto;
  max-height: calc(100vh - 14rem);
  min-height: 35rem;
}

.c0 .rc-dialog-content {
  border-radius: 0.4rem;
}

.c0 .rc-dialog-close {
  right: -1rem;
  top: -1rem;
  opacity: unset;
  padding: 0.15rem;
  line-height: 0;
  background-color: #808080;
  border-radius: 999px;
}

.c0 .rc-dialog-close svg {
  fill: #e6e6e6;
}

.c0.modal-appear,
.c0.modal-enter {
  opacity: 0;
  -webkit-transform: scale(0.9);
  -ms-transform: scale(0.9);
  transform: scale(0.9);
}

.c0.modal-appear.modal-appear-active,
.c0.modal-enter.modal-enter-active {
  opacity: 1;
  -webkit-transform: scale(1.0);
  -ms-transform: scale(1.0);
  transform: scale(1.0);
  -webkit-transition: opacity 250ms cubic-bezier(0,0,0,1) 50ms,-webkit-transform 250ms cubic-bezier(0,0,0,1) 50ms;
  -webkit-transition: opacity 250ms cubic-bezier(0,0,0,1) 50ms,transform 250ms cubic-bezier(0,0,0,1) 50ms;
  transition: opacity 250ms cubic-bezier(0,0,0,1) 50ms,transform 250ms cubic-bezier(0,0,0,1) 50ms;
}

.c0.modal-leave {
  opacity: 1;
  -webkit-transform: scale(1);
  -ms-transform: scale(1);
  transform: scale(1);
}

.c0.modal-leave.modal-leave-active {
  opacity: 0;
  -webkit-transform: scale(0.9);
  -ms-transform: scale(0.9);
  transform: scale(0.9);
  -webkit-transition: opacity 250ms cubic-bezier(1,0,1,1),-webkit-transform 250ms cubic-bezier(1,0,1,1);
  -webkit-transition: opacity 250ms cubic-bezier(1,0,1,1),transform 250ms cubic-bezier(1,0,1,1);
  transition: opacity 250ms cubic-bezier(1,0,1,1),transform 250ms cubic-bezier(1,0,1,1);
}

.c0.modalMask-appear,
.c0.modalMask-enter {
  opacity: 0;
}

.c0.modalMask-appear.modalMask-appear-active,
.c0.modalMask-enter.modalMask-enter-active {
  opacity: 1;
  -webkit-transition: opacity 100ms ease-out;
  transition: opacity 100ms ease-out;
}

.c0.modalMask-leave {
  opacity: 1;
}

.c0.modalMask-leave.modalMask-leave-active {
  opacity: 0;
  -webkit-transition: opacity 100ms ease-out;
  transition: opacity 100ms ease-out;
}

<div
  class="rc-dialog-wrap "
  role="dialog"
  tabindex="-1"
>
  <div
    class="rc-dialog c0 modal-appear"
    role="document"
  >
    <div
      aria-hidden="true"
      style="width: 0px; height: 0px; overflow: hidden;"
      tabindex="0"
    />
    <div
      class="rc-dialog-content"
    >
      <button
        aria-label="Close"
        class="rc-dialog-close"
      >
        <span
          class="c1"
          height="18px"
          type="oClear"
          width="18px"
        >
          <svg
            fill="#000"
            height="18px"
            viewBox="0 0 24 24"
            width="18px"
            xmlns="http://www.w3.org/2000/svg"
          >
            <path
              d="M19 6.41L17.59 5L12 10.59L6.41 5L5 6.41L10.59 12L5 17.59L6.41 19L12 13.41L17.59 19L19 17.59L13.41 12L19 6.41Z"
            />
          </svg>
        </span>
      </button>
      <div
        class="rc-dialog-body"
      >
        <div
          class="c2"
        >
          <div
            class="c3"
          >
            Title
          </div>
          <div
            class="c4"
          >
            <div
              class="c5"
            >
              <div
                class="c6"
              >
                <div>
                  Body
                </div>
              </div>
              <div
                class="c7"
              >
                <div>
                  Footer
                </div>
              </div>
            </div>
            <div
              class="c8"
            >
              <div>
                Panel content
              </div>
            </div>
          </div>
        </div>
      </div>
    </div>
    <div
      aria-hidden="true"
      style="width: 0px; height: 0px; overflow: hidden;"
      tabindex="0"
    />
  </div>
</div>
`;

exports[`Modal with size large with simple config 1`] = `
.c5 {
  padding: 2.8rem 2.1rem;
  overflow-y: auto;
  -webkit-flex: 1 1 auto;
  -ms-flex: 1 1 auto;
  flex: 1 1 auto;
}

.c3 {
  display: -webkit-box;
  display: -webkit-flex;
  display: -ms-flexbox;
  display: flex;
  padding: 1.4rem 2.1rem;
  border-radius: 0.4rem 0.4rem 0rem 0rem;
  background: #f2f2f2;
  border-bottom: none;
  min-height: 5.6rem;
}

.c6 {
  padding: 2.8rem 2.1rem;
  justify-self: flex-end;
  border-top: none;
}

.c2 {
  display: -webkit-box;
  display: -webkit-flex;
  display: -ms-flexbox;
  display: flex;
  -webkit-flex-direction: column;
  -ms-flex-direction: column;
  flex-direction: column;
  height: 100%;
  min-height: inherit;
}

.c4 {
  display: -webkit-box;
  display: -webkit-flex;
  display: -ms-flexbox;
  display: flex;
  -webkit-flex-direction: column;
  -ms-flex-direction: column;
  flex-direction: column;
  -webkit-box-flex: 1;
  -webkit-flex-grow: 1;
  -ms-flex-positive: 1;
  flex-grow: 1;
  max-height: calc(100vh - 19.6rem);
  min-height: 29.4rem;
}

.c1 {
  cursor: inherit;
  display: inline-block;
  height: 18px;
  width: 18px;
}

.c0 {
  width: 63rem !important;
}

.c0 .rc-dialog-body {
  padding: 0;
  height: auto;
  max-height: calc(100vh - 14rem);
  min-height: 35rem;
}

.c0 .rc-dialog-content {
  border-radius: 0.4rem;
}

.c0 .rc-dialog-close {
  right: -1rem;
  top: -1rem;
  opacity: unset;
  padding: 0.15rem;
  line-height: 0;
  background-color: #808080;
  border-radius: 999px;
}

.c0 .rc-dialog-close svg {
  fill: #e6e6e6;
}

.c0.modal-appear,
.c0.modal-enter {
  opacity: 0;
  -webkit-transform: scale(0.9);
  -ms-transform: scale(0.9);
  transform: scale(0.9);
}

.c0.modal-appear.modal-appear-active,
.c0.modal-enter.modal-enter-active {
  opacity: 1;
  -webkit-transform: scale(1.0);
  -ms-transform: scale(1.0);
  transform: scale(1.0);
  -webkit-transition: opacity 250ms cubic-bezier(0,0,0,1) 50ms,-webkit-transform 250ms cubic-bezier(0,0,0,1) 50ms;
  -webkit-transition: opacity 250ms cubic-bezier(0,0,0,1) 50ms,transform 250ms cubic-bezier(0,0,0,1) 50ms;
  transition: opacity 250ms cubic-bezier(0,0,0,1) 50ms,transform 250ms cubic-bezier(0,0,0,1) 50ms;
}

.c0.modal-leave {
  opacity: 1;
  -webkit-transform: scale(1);
  -ms-transform: scale(1);
  transform: scale(1);
}

.c0.modal-leave.modal-leave-active {
  opacity: 0;
  -webkit-transform: scale(0.9);
  -ms-transform: scale(0.9);
  transform: scale(0.9);
  -webkit-transition: opacity 250ms cubic-bezier(1,0,1,1),-webkit-transform 250ms cubic-bezier(1,0,1,1);
  -webkit-transition: opacity 250ms cubic-bezier(1,0,1,1),transform 250ms cubic-bezier(1,0,1,1);
  transition: opacity 250ms cubic-bezier(1,0,1,1),transform 250ms cubic-bezier(1,0,1,1);
}

.c0.modalMask-appear,
.c0.modalMask-enter {
  opacity: 0;
}

.c0.modalMask-appear.modalMask-appear-active,
.c0.modalMask-enter.modalMask-enter-active {
  opacity: 1;
  -webkit-transition: opacity 100ms ease-out;
  transition: opacity 100ms ease-out;
}

.c0.modalMask-leave {
  opacity: 1;
}

.c0.modalMask-leave.modalMask-leave-active {
  opacity: 0;
  -webkit-transition: opacity 100ms ease-out;
  transition: opacity 100ms ease-out;
}

<div
  class="rc-dialog-wrap "
  role="dialog"
  tabindex="-1"
>
  <div
    class="rc-dialog c0 modal-appear"
    role="document"
  >
    <div
      aria-hidden="true"
      style="width: 0px; height: 0px; overflow: hidden;"
      tabindex="0"
    />
    <div
      class="rc-dialog-content"
    >
      <button
        aria-label="Close"
        class="rc-dialog-close"
      >
        <span
          class="c1"
          height="18px"
          type="oClear"
          width="18px"
        >
          <svg
            fill="#000"
            height="18px"
            viewBox="0 0 24 24"
            width="18px"
            xmlns="http://www.w3.org/2000/svg"
          >
            <path
              d="M19 6.41L17.59 5L12 10.59L6.41 5L5 6.41L10.59 12L5 17.59L6.41 19L12 13.41L17.59 19L19 17.59L13.41 12L19 6.41Z"
            />
          </svg>
        </span>
      </button>
      <div
        class="rc-dialog-body"
      >
        <div
          class="c2"
        >
          <div
            class="c3"
          >
            Title
          </div>
          <div
            class="c4"
          >
            <div
              class="c5"
            >
              <div>
                Body
              </div>
            </div>
            <div
              class="c6"
            >
              <div>
                Footer
              </div>
            </div>
          </div>
        </div>
      </div>
    </div>
    <div
      aria-hidden="true"
      style="width: 0px; height: 0px; overflow: hidden;"
      tabindex="0"
    />
  </div>
</div>
`;

exports[`Modal with size medium with a bottom panel 1`] = `
.c5 {
  padding: 2.8rem 2.1rem;
  overflow-y: auto;
  -webkit-flex: 1 1 auto;
  -ms-flex: 1 1 auto;
  flex: 1 1 auto;
}

.c3 {
  display: -webkit-box;
  display: -webkit-flex;
  display: -ms-flexbox;
  display: flex;
  padding: 1.4rem 2.1rem;
  border-radius: 0.4rem 0.4rem 0rem 0rem;
  background: #f2f2f2;
  border-bottom: none;
  min-height: 5.6rem;
}

.c6 {
  padding: 2.8rem 2.1rem;
  justify-self: flex-end;
  border-top: none;
}

.c2 {
  display: -webkit-box;
  display: -webkit-flex;
  display: -ms-flexbox;
  display: flex;
  -webkit-flex-direction: column;
  -ms-flex-direction: column;
  flex-direction: column;
  height: 100%;
  min-height: inherit;
}

.c4 {
  display: -webkit-box;
  display: -webkit-flex;
  display: -ms-flexbox;
  display: flex;
  -webkit-flex-direction: column;
  -ms-flex-direction: column;
  flex-direction: column;
  -webkit-box-flex: 1;
  -webkit-flex-grow: 1;
  -ms-flex-positive: 1;
  flex-grow: 1;
  max-height: calc(100vh - 19.6rem);
  min-height: 29.4rem;
}

.c7 {
  box-sizing: border-box;
  height: 8.4rem;
  border-top: 1px solid #d9d9d9;
}

.c1 {
  cursor: inherit;
  display: inline-block;
  height: 18px;
  width: 18px;
}

.c0 {
  width: 63rem !important;
}

.c0 .rc-dialog-body {
  padding: 0;
  height: auto;
  max-height: calc(100vh - 14rem);
  min-height: 35rem;
}

.c0 .rc-dialog-content {
  border-radius: 0.4rem;
}

.c0 .rc-dialog-close {
  right: -1rem;
  top: -1rem;
  opacity: unset;
  padding: 0.15rem;
  line-height: 0;
  background-color: #808080;
  border-radius: 999px;
}

.c0 .rc-dialog-close svg {
  fill: #e6e6e6;
}

.c0.modal-appear,
.c0.modal-enter {
  opacity: 0;
  -webkit-transform: scale(0.9);
  -ms-transform: scale(0.9);
  transform: scale(0.9);
}

.c0.modal-appear.modal-appear-active,
.c0.modal-enter.modal-enter-active {
  opacity: 1;
  -webkit-transform: scale(1.0);
  -ms-transform: scale(1.0);
  transform: scale(1.0);
  -webkit-transition: opacity 250ms cubic-bezier(0,0,0,1) 50ms,-webkit-transform 250ms cubic-bezier(0,0,0,1) 50ms;
  -webkit-transition: opacity 250ms cubic-bezier(0,0,0,1) 50ms,transform 250ms cubic-bezier(0,0,0,1) 50ms;
  transition: opacity 250ms cubic-bezier(0,0,0,1) 50ms,transform 250ms cubic-bezier(0,0,0,1) 50ms;
}

.c0.modal-leave {
  opacity: 1;
  -webkit-transform: scale(1);
  -ms-transform: scale(1);
  transform: scale(1);
}

.c0.modal-leave.modal-leave-active {
  opacity: 0;
  -webkit-transform: scale(0.9);
  -ms-transform: scale(0.9);
  transform: scale(0.9);
  -webkit-transition: opacity 250ms cubic-bezier(1,0,1,1),-webkit-transform 250ms cubic-bezier(1,0,1,1);
  -webkit-transition: opacity 250ms cubic-bezier(1,0,1,1),transform 250ms cubic-bezier(1,0,1,1);
  transition: opacity 250ms cubic-bezier(1,0,1,1),transform 250ms cubic-bezier(1,0,1,1);
}

.c0.modalMask-appear,
.c0.modalMask-enter {
  opacity: 0;
}

.c0.modalMask-appear.modalMask-appear-active,
.c0.modalMask-enter.modalMask-enter-active {
  opacity: 1;
  -webkit-transition: opacity 100ms ease-out;
  transition: opacity 100ms ease-out;
}

.c0.modalMask-leave {
  opacity: 1;
}

.c0.modalMask-leave.modalMask-leave-active {
  opacity: 0;
  -webkit-transition: opacity 100ms ease-out;
  transition: opacity 100ms ease-out;
}

<div
  class="rc-dialog-wrap "
  role="dialog"
  tabindex="-1"
>
  <div
    class="rc-dialog c0 modal-appear"
    role="document"
  >
    <div
      aria-hidden="true"
      style="width: 0px; height: 0px; overflow: hidden;"
      tabindex="0"
    />
    <div
      class="rc-dialog-content"
    >
      <button
        aria-label="Close"
        class="rc-dialog-close"
      >
        <span
          class="c1"
          height="18px"
          type="oClear"
          width="18px"
        >
          <svg
            fill="#000"
            height="18px"
            viewBox="0 0 24 24"
            width="18px"
            xmlns="http://www.w3.org/2000/svg"
          >
            <path
              d="M19 6.41L17.59 5L12 10.59L6.41 5L5 6.41L10.59 12L5 17.59L6.41 19L12 13.41L17.59 19L19 17.59L13.41 12L19 6.41Z"
            />
          </svg>
        </span>
      </button>
      <div
        class="rc-dialog-body"
      >
        <div
          class="c2"
        >
          <div
            class="c3"
          >
            Title
          </div>
          <div
            class="c4"
          >
            <div
              class="c5"
            >
              <div>
                Body
              </div>
            </div>
            <div
              class="c6"
            >
              <div>
                Footer
              </div>
            </div>
            <div
              class="c7"
            >
              <div>
                Panel content
              </div>
            </div>
          </div>
        </div>
      </div>
    </div>
    <div
      aria-hidden="true"
      style="width: 0px; height: 0px; overflow: hidden;"
      tabindex="0"
    />
  </div>
</div>
`;

exports[`Modal with size medium with a left panel 1`] = `
.c7 {
  padding: 2.8rem 2.1rem;
  overflow-y: auto;
  -webkit-flex: 1 1 auto;
  -ms-flex: 1 1 auto;
  flex: 1 1 auto;
}

.c3 {
  display: -webkit-box;
  display: -webkit-flex;
  display: -ms-flexbox;
  display: flex;
  padding: 1.4rem 2.1rem;
  border-radius: 0.4rem 0.4rem 0rem 0rem;
  background: #f2f2f2;
  border-bottom: none;
  min-height: 5.6rem;
}

.c8 {
  padding: 2.8rem 2.1rem;
  justify-self: flex-end;
  border-top: none;
}

.c2 {
  display: -webkit-box;
  display: -webkit-flex;
  display: -ms-flexbox;
  display: flex;
  -webkit-flex-direction: column;
  -ms-flex-direction: column;
  flex-direction: column;
  height: 100%;
  min-height: inherit;
}

.c4 {
  display: -webkit-box;
  display: -webkit-flex;
  display: -ms-flexbox;
  display: flex;
  -webkit-flex-direction: row;
  -ms-flex-direction: row;
  flex-direction: row;
  -webkit-align-items: stretch;
  -webkit-box-align: stretch;
  -ms-flex-align: stretch;
  align-items: stretch;
  -webkit-flex: 1 1 auto;
  -ms-flex: 1 1 auto;
  flex: 1 1 auto;
  max-height: calc(100vh - 19.6rem);
  min-height: 29.4rem;
}

.c5 {
  width: 21rem;
  -webkit-flex-shrink: 0;
  -ms-flex-negative: 0;
  flex-shrink: 0;
  border-right: 1px solid #d9d9d9;
  overflow-y: auto;
}

.c6 {
  display: -webkit-box;
  display: -webkit-flex;
  display: -ms-flexbox;
  display: flex;
  -webkit-flex-direction: column;
  -ms-flex-direction: column;
  flex-direction: column;
  -webkit-box-flex: 1;
  -webkit-flex-grow: 1;
  -ms-flex-positive: 1;
  flex-grow: 1;
}

.c1 {
  cursor: inherit;
  display: inline-block;
  height: 18px;
  width: 18px;
}

.c0 {
  width: 63rem !important;
}

.c0 .rc-dialog-body {
  padding: 0;
  height: auto;
  max-height: calc(100vh - 14rem);
  min-height: 35rem;
}

.c0 .rc-dialog-content {
  border-radius: 0.4rem;
}

.c0 .rc-dialog-close {
  right: -1rem;
  top: -1rem;
  opacity: unset;
  padding: 0.15rem;
  line-height: 0;
  background-color: #808080;
  border-radius: 999px;
}

.c0 .rc-dialog-close svg {
  fill: #e6e6e6;
}

.c0.modal-appear,
.c0.modal-enter {
  opacity: 0;
  -webkit-transform: scale(0.9);
  -ms-transform: scale(0.9);
  transform: scale(0.9);
}

.c0.modal-appear.modal-appear-active,
.c0.modal-enter.modal-enter-active {
  opacity: 1;
  -webkit-transform: scale(1.0);
  -ms-transform: scale(1.0);
  transform: scale(1.0);
  -webkit-transition: opacity 250ms cubic-bezier(0,0,0,1) 50ms,-webkit-transform 250ms cubic-bezier(0,0,0,1) 50ms;
  -webkit-transition: opacity 250ms cubic-bezier(0,0,0,1) 50ms,transform 250ms cubic-bezier(0,0,0,1) 50ms;
  transition: opacity 250ms cubic-bezier(0,0,0,1) 50ms,transform 250ms cubic-bezier(0,0,0,1) 50ms;
}

.c0.modal-leave {
  opacity: 1;
  -webkit-transform: scale(1);
  -ms-transform: scale(1);
  transform: scale(1);
}

.c0.modal-leave.modal-leave-active {
  opacity: 0;
  -webkit-transform: scale(0.9);
  -ms-transform: scale(0.9);
  transform: scale(0.9);
  -webkit-transition: opacity 250ms cubic-bezier(1,0,1,1),-webkit-transform 250ms cubic-bezier(1,0,1,1);
  -webkit-transition: opacity 250ms cubic-bezier(1,0,1,1),transform 250ms cubic-bezier(1,0,1,1);
  transition: opacity 250ms cubic-bezier(1,0,1,1),transform 250ms cubic-bezier(1,0,1,1);
}

.c0.modalMask-appear,
.c0.modalMask-enter {
  opacity: 0;
}

.c0.modalMask-appear.modalMask-appear-active,
.c0.modalMask-enter.modalMask-enter-active {
  opacity: 1;
  -webkit-transition: opacity 100ms ease-out;
  transition: opacity 100ms ease-out;
}

.c0.modalMask-leave {
  opacity: 1;
}

.c0.modalMask-leave.modalMask-leave-active {
  opacity: 0;
  -webkit-transition: opacity 100ms ease-out;
  transition: opacity 100ms ease-out;
}

<div
  class="rc-dialog-wrap "
  role="dialog"
  tabindex="-1"
>
  <div
    class="rc-dialog c0 modal-appear"
    role="document"
  >
    <div
      aria-hidden="true"
      style="width: 0px; height: 0px; overflow: hidden;"
      tabindex="0"
    />
    <div
      class="rc-dialog-content"
    >
      <button
        aria-label="Close"
        class="rc-dialog-close"
      >
        <span
          class="c1"
          height="18px"
          type="oClear"
          width="18px"
        >
          <svg
            fill="#000"
            height="18px"
            viewBox="0 0 24 24"
            width="18px"
            xmlns="http://www.w3.org/2000/svg"
          >
            <path
              d="M19 6.41L17.59 5L12 10.59L6.41 5L5 6.41L10.59 12L5 17.59L6.41 19L12 13.41L17.59 19L19 17.59L13.41 12L19 6.41Z"
            />
          </svg>
        </span>
      </button>
      <div
        class="rc-dialog-body"
      >
        <div
          class="c2"
        >
          <div
            class="c3"
          >
            Title
          </div>
          <div
            class="c4"
          >
            <div
              class="c5"
            >
              <div>
                Panel content
              </div>
            </div>
            <div
              class="c6"
            >
              <div
                class="c7"
              >
                <div>
                  Body
                </div>
              </div>
              <div
                class="c8"
              >
                <div>
                  Footer
                </div>
              </div>
            </div>
          </div>
        </div>
      </div>
    </div>
    <div
      aria-hidden="true"
      style="width: 0px; height: 0px; overflow: hidden;"
      tabindex="0"
    />
  </div>
</div>
`;

exports[`Modal with size medium with a right panel 1`] = `
.c6 {
  padding: 2.8rem 2.1rem;
  overflow-y: auto;
  -webkit-flex: 1 1 auto;
  -ms-flex: 1 1 auto;
  flex: 1 1 auto;
}

.c3 {
  display: -webkit-box;
  display: -webkit-flex;
  display: -ms-flexbox;
  display: flex;
  padding: 1.4rem 2.1rem;
  border-radius: 0.4rem 0.4rem 0rem 0rem;
  background: #f2f2f2;
  border-bottom: none;
  min-height: 5.6rem;
}

.c7 {
  padding: 2.8rem 2.1rem;
  justify-self: flex-end;
  border-top: none;
}

.c2 {
  display: -webkit-box;
  display: -webkit-flex;
  display: -ms-flexbox;
  display: flex;
  -webkit-flex-direction: column;
  -ms-flex-direction: column;
  flex-direction: column;
  height: 100%;
  min-height: inherit;
}

.c4 {
  display: -webkit-box;
  display: -webkit-flex;
  display: -ms-flexbox;
  display: flex;
  -webkit-flex-direction: row;
  -ms-flex-direction: row;
  flex-direction: row;
  -webkit-align-items: stretch;
  -webkit-box-align: stretch;
  -ms-flex-align: stretch;
  align-items: stretch;
  -webkit-flex: 1 1 auto;
  -ms-flex: 1 1 auto;
  flex: 1 1 auto;
  max-height: calc(100vh - 19.6rem);
  min-height: 29.4rem;
}

.c8 {
  width: 21rem;
  -webkit-flex-shrink: 0;
  -ms-flex-negative: 0;
  flex-shrink: 0;
  border-left: 1px solid #d9d9d9;
  overflow-y: auto;
}

.c5 {
  display: -webkit-box;
  display: -webkit-flex;
  display: -ms-flexbox;
  display: flex;
  -webkit-flex-direction: column;
  -ms-flex-direction: column;
  flex-direction: column;
  -webkit-box-flex: 1;
  -webkit-flex-grow: 1;
  -ms-flex-positive: 1;
  flex-grow: 1;
}

.c1 {
  cursor: inherit;
  display: inline-block;
  height: 18px;
  width: 18px;
}

.c0 {
  width: 63rem !important;
}

.c0 .rc-dialog-body {
  padding: 0;
  height: auto;
  max-height: calc(100vh - 14rem);
  min-height: 35rem;
}

.c0 .rc-dialog-content {
  border-radius: 0.4rem;
}

.c0 .rc-dialog-close {
  right: -1rem;
  top: -1rem;
  opacity: unset;
  padding: 0.15rem;
  line-height: 0;
  background-color: #808080;
  border-radius: 999px;
}

.c0 .rc-dialog-close svg {
  fill: #e6e6e6;
}

.c0.modal-appear,
.c0.modal-enter {
  opacity: 0;
  -webkit-transform: scale(0.9);
  -ms-transform: scale(0.9);
  transform: scale(0.9);
}

.c0.modal-appear.modal-appear-active,
.c0.modal-enter.modal-enter-active {
  opacity: 1;
  -webkit-transform: scale(1.0);
  -ms-transform: scale(1.0);
  transform: scale(1.0);
  -webkit-transition: opacity 250ms cubic-bezier(0,0,0,1) 50ms,-webkit-transform 250ms cubic-bezier(0,0,0,1) 50ms;
  -webkit-transition: opacity 250ms cubic-bezier(0,0,0,1) 50ms,transform 250ms cubic-bezier(0,0,0,1) 50ms;
  transition: opacity 250ms cubic-bezier(0,0,0,1) 50ms,transform 250ms cubic-bezier(0,0,0,1) 50ms;
}

.c0.modal-leave {
  opacity: 1;
  -webkit-transform: scale(1);
  -ms-transform: scale(1);
  transform: scale(1);
}

.c0.modal-leave.modal-leave-active {
  opacity: 0;
  -webkit-transform: scale(0.9);
  -ms-transform: scale(0.9);
  transform: scale(0.9);
  -webkit-transition: opacity 250ms cubic-bezier(1,0,1,1),-webkit-transform 250ms cubic-bezier(1,0,1,1);
  -webkit-transition: opacity 250ms cubic-bezier(1,0,1,1),transform 250ms cubic-bezier(1,0,1,1);
  transition: opacity 250ms cubic-bezier(1,0,1,1),transform 250ms cubic-bezier(1,0,1,1);
}

.c0.modalMask-appear,
.c0.modalMask-enter {
  opacity: 0;
}

.c0.modalMask-appear.modalMask-appear-active,
.c0.modalMask-enter.modalMask-enter-active {
  opacity: 1;
  -webkit-transition: opacity 100ms ease-out;
  transition: opacity 100ms ease-out;
}

.c0.modalMask-leave {
  opacity: 1;
}

.c0.modalMask-leave.modalMask-leave-active {
  opacity: 0;
  -webkit-transition: opacity 100ms ease-out;
  transition: opacity 100ms ease-out;
}

<div
  class="rc-dialog-wrap "
  role="dialog"
  tabindex="-1"
>
  <div
    class="rc-dialog c0 modal-appear"
    role="document"
  >
    <div
      aria-hidden="true"
      style="width: 0px; height: 0px; overflow: hidden;"
      tabindex="0"
    />
    <div
      class="rc-dialog-content"
    >
      <button
        aria-label="Close"
        class="rc-dialog-close"
      >
        <span
          class="c1"
          height="18px"
          type="oClear"
          width="18px"
        >
          <svg
            fill="#000"
            height="18px"
            viewBox="0 0 24 24"
            width="18px"
            xmlns="http://www.w3.org/2000/svg"
          >
            <path
              d="M19 6.41L17.59 5L12 10.59L6.41 5L5 6.41L10.59 12L5 17.59L6.41 19L12 13.41L17.59 19L19 17.59L13.41 12L19 6.41Z"
            />
          </svg>
        </span>
      </button>
      <div
        class="rc-dialog-body"
      >
        <div
          class="c2"
        >
          <div
            class="c3"
          >
            Title
          </div>
          <div
            class="c4"
          >
            <div
              class="c5"
            >
              <div
                class="c6"
              >
                <div>
                  Body
                </div>
              </div>
              <div
                class="c7"
              >
                <div>
                  Footer
                </div>
              </div>
            </div>
            <div
              class="c8"
            >
              <div>
                Panel content
              </div>
            </div>
          </div>
        </div>
      </div>
    </div>
    <div
      aria-hidden="true"
      style="width: 0px; height: 0px; overflow: hidden;"
      tabindex="0"
    />
  </div>
</div>
`;

exports[`Modal with size medium with simple config 1`] = `
.c5 {
  padding: 2.8rem 2.1rem;
  overflow-y: auto;
  -webkit-flex: 1 1 auto;
  -ms-flex: 1 1 auto;
  flex: 1 1 auto;
}

.c3 {
  display: -webkit-box;
  display: -webkit-flex;
  display: -ms-flexbox;
  display: flex;
  padding: 1.4rem 2.1rem;
  border-radius: 0.4rem 0.4rem 0rem 0rem;
  background: #f2f2f2;
  border-bottom: none;
  min-height: 5.6rem;
}

.c6 {
  padding: 2.8rem 2.1rem;
  justify-self: flex-end;
  border-top: none;
}

.c2 {
  display: -webkit-box;
  display: -webkit-flex;
  display: -ms-flexbox;
  display: flex;
  -webkit-flex-direction: column;
  -ms-flex-direction: column;
  flex-direction: column;
  height: 100%;
  min-height: inherit;
}

.c4 {
  display: -webkit-box;
  display: -webkit-flex;
  display: -ms-flexbox;
  display: flex;
  -webkit-flex-direction: column;
  -ms-flex-direction: column;
  flex-direction: column;
  -webkit-box-flex: 1;
  -webkit-flex-grow: 1;
  -ms-flex-positive: 1;
  flex-grow: 1;
  max-height: calc(100vh - 19.6rem);
  min-height: 29.4rem;
}

.c1 {
  cursor: inherit;
  display: inline-block;
  height: 18px;
  width: 18px;
}

.c0 {
  width: 63rem !important;
}

.c0 .rc-dialog-body {
  padding: 0;
  height: auto;
  max-height: calc(100vh - 14rem);
  min-height: 35rem;
}

.c0 .rc-dialog-content {
  border-radius: 0.4rem;
}

.c0 .rc-dialog-close {
  right: -1rem;
  top: -1rem;
  opacity: unset;
  padding: 0.15rem;
  line-height: 0;
  background-color: #808080;
  border-radius: 999px;
}

.c0 .rc-dialog-close svg {
  fill: #e6e6e6;
}

.c0.modal-appear,
.c0.modal-enter {
  opacity: 0;
  -webkit-transform: scale(0.9);
  -ms-transform: scale(0.9);
  transform: scale(0.9);
}

.c0.modal-appear.modal-appear-active,
.c0.modal-enter.modal-enter-active {
  opacity: 1;
  -webkit-transform: scale(1.0);
  -ms-transform: scale(1.0);
  transform: scale(1.0);
  -webkit-transition: opacity 250ms cubic-bezier(0,0,0,1) 50ms,-webkit-transform 250ms cubic-bezier(0,0,0,1) 50ms;
  -webkit-transition: opacity 250ms cubic-bezier(0,0,0,1) 50ms,transform 250ms cubic-bezier(0,0,0,1) 50ms;
  transition: opacity 250ms cubic-bezier(0,0,0,1) 50ms,transform 250ms cubic-bezier(0,0,0,1) 50ms;
}

.c0.modal-leave {
  opacity: 1;
  -webkit-transform: scale(1);
  -ms-transform: scale(1);
  transform: scale(1);
}

.c0.modal-leave.modal-leave-active {
  opacity: 0;
  -webkit-transform: scale(0.9);
  -ms-transform: scale(0.9);
  transform: scale(0.9);
  -webkit-transition: opacity 250ms cubic-bezier(1,0,1,1),-webkit-transform 250ms cubic-bezier(1,0,1,1);
  -webkit-transition: opacity 250ms cubic-bezier(1,0,1,1),transform 250ms cubic-bezier(1,0,1,1);
  transition: opacity 250ms cubic-bezier(1,0,1,1),transform 250ms cubic-bezier(1,0,1,1);
}

.c0.modalMask-appear,
.c0.modalMask-enter {
  opacity: 0;
}

.c0.modalMask-appear.modalMask-appear-active,
.c0.modalMask-enter.modalMask-enter-active {
  opacity: 1;
  -webkit-transition: opacity 100ms ease-out;
  transition: opacity 100ms ease-out;
}

.c0.modalMask-leave {
  opacity: 1;
}

.c0.modalMask-leave.modalMask-leave-active {
  opacity: 0;
  -webkit-transition: opacity 100ms ease-out;
  transition: opacity 100ms ease-out;
}

<div
  class="rc-dialog-wrap "
  role="dialog"
  tabindex="-1"
>
  <div
    class="rc-dialog c0 modal-appear"
    role="document"
  >
    <div
      aria-hidden="true"
      style="width: 0px; height: 0px; overflow: hidden;"
      tabindex="0"
    />
    <div
      class="rc-dialog-content"
    >
      <button
        aria-label="Close"
        class="rc-dialog-close"
      >
        <span
          class="c1"
          height="18px"
          type="oClear"
          width="18px"
        >
          <svg
            fill="#000"
            height="18px"
            viewBox="0 0 24 24"
            width="18px"
            xmlns="http://www.w3.org/2000/svg"
          >
            <path
              d="M19 6.41L17.59 5L12 10.59L6.41 5L5 6.41L10.59 12L5 17.59L6.41 19L12 13.41L17.59 19L19 17.59L13.41 12L19 6.41Z"
            />
          </svg>
        </span>
      </button>
      <div
        class="rc-dialog-body"
      >
        <div
          class="c2"
        >
          <div
            class="c3"
          >
            Title
          </div>
          <div
            class="c4"
          >
            <div
              class="c5"
            >
              <div>
                Body
              </div>
            </div>
            <div
              class="c6"
            >
              <div>
                Footer
              </div>
            </div>
          </div>
        </div>
      </div>
    </div>
    <div
      aria-hidden="true"
      style="width: 0px; height: 0px; overflow: hidden;"
      tabindex="0"
    />
  </div>
</div>
`;

exports[`Modal with size small with a bottom panel 1`] = `
.c5 {
  padding: 2.8rem 2.1rem;
  overflow-y: auto;
  -webkit-flex: 1 1 auto;
  -ms-flex: 1 1 auto;
  flex: 1 1 auto;
}

.c3 {
  display: -webkit-box;
  display: -webkit-flex;
  display: -ms-flexbox;
  display: flex;
  padding: 1.4rem 2.1rem;
  border-radius: 0.4rem 0.4rem 0rem 0rem;
  background: #f2f2f2;
  border-bottom: none;
  min-height: 5.6rem;
}

.c6 {
  padding: 2.8rem 2.1rem;
  justify-self: flex-end;
  border-top: none;
}

.c2 {
  display: -webkit-box;
  display: -webkit-flex;
  display: -ms-flexbox;
  display: flex;
  -webkit-flex-direction: column;
  -ms-flex-direction: column;
  flex-direction: column;
  height: 100%;
  min-height: inherit;
}

.c4 {
  display: -webkit-box;
  display: -webkit-flex;
  display: -ms-flexbox;
  display: flex;
  -webkit-flex-direction: column;
  -ms-flex-direction: column;
  flex-direction: column;
  -webkit-box-flex: 1;
  -webkit-flex-grow: 1;
  -ms-flex-positive: 1;
  flex-grow: 1;
  max-height: calc(100vh - 19.6rem);
  min-height: 29.4rem;
}

.c7 {
  box-sizing: border-box;
  height: 8.4rem;
  border-top: 1px solid #d9d9d9;
}

.c1 {
  cursor: inherit;
  display: inline-block;
  height: 18px;
  width: 18px;
}

.c0 {
  width: 63rem !important;
}

.c0 .rc-dialog-body {
  padding: 0;
  height: auto;
  max-height: calc(100vh - 14rem);
  min-height: 35rem;
}

.c0 .rc-dialog-content {
  border-radius: 0.4rem;
}

.c0 .rc-dialog-close {
  right: -1rem;
  top: -1rem;
  opacity: unset;
  padding: 0.15rem;
  line-height: 0;
  background-color: #808080;
  border-radius: 999px;
}

.c0 .rc-dialog-close svg {
  fill: #e6e6e6;
}

.c0.modal-appear,
.c0.modal-enter {
  opacity: 0;
  -webkit-transform: scale(0.9);
  -ms-transform: scale(0.9);
  transform: scale(0.9);
}

.c0.modal-appear.modal-appear-active,
.c0.modal-enter.modal-enter-active {
  opacity: 1;
  -webkit-transform: scale(1.0);
  -ms-transform: scale(1.0);
  transform: scale(1.0);
  -webkit-transition: opacity 250ms cubic-bezier(0,0,0,1) 50ms,-webkit-transform 250ms cubic-bezier(0,0,0,1) 50ms;
  -webkit-transition: opacity 250ms cubic-bezier(0,0,0,1) 50ms,transform 250ms cubic-bezier(0,0,0,1) 50ms;
  transition: opacity 250ms cubic-bezier(0,0,0,1) 50ms,transform 250ms cubic-bezier(0,0,0,1) 50ms;
}

.c0.modal-leave {
  opacity: 1;
  -webkit-transform: scale(1);
  -ms-transform: scale(1);
  transform: scale(1);
}

.c0.modal-leave.modal-leave-active {
  opacity: 0;
  -webkit-transform: scale(0.9);
  -ms-transform: scale(0.9);
  transform: scale(0.9);
  -webkit-transition: opacity 250ms cubic-bezier(1,0,1,1),-webkit-transform 250ms cubic-bezier(1,0,1,1);
  -webkit-transition: opacity 250ms cubic-bezier(1,0,1,1),transform 250ms cubic-bezier(1,0,1,1);
  transition: opacity 250ms cubic-bezier(1,0,1,1),transform 250ms cubic-bezier(1,0,1,1);
}

.c0.modalMask-appear,
.c0.modalMask-enter {
  opacity: 0;
}

.c0.modalMask-appear.modalMask-appear-active,
.c0.modalMask-enter.modalMask-enter-active {
  opacity: 1;
  -webkit-transition: opacity 100ms ease-out;
  transition: opacity 100ms ease-out;
}

.c0.modalMask-leave {
  opacity: 1;
}

.c0.modalMask-leave.modalMask-leave-active {
  opacity: 0;
  -webkit-transition: opacity 100ms ease-out;
  transition: opacity 100ms ease-out;
}

<div
  class="rc-dialog-wrap "
  role="dialog"
  tabindex="-1"
>
  <div
    class="rc-dialog c0 modal-appear"
    role="document"
  >
    <div
      aria-hidden="true"
      style="width: 0px; height: 0px; overflow: hidden;"
      tabindex="0"
    />
    <div
      class="rc-dialog-content"
    >
      <button
        aria-label="Close"
        class="rc-dialog-close"
      >
        <span
          class="c1"
          height="18px"
          type="oClear"
          width="18px"
        >
          <svg
            fill="#000"
            height="18px"
            viewBox="0 0 24 24"
            width="18px"
            xmlns="http://www.w3.org/2000/svg"
          >
            <path
              d="M19 6.41L17.59 5L12 10.59L6.41 5L5 6.41L10.59 12L5 17.59L6.41 19L12 13.41L17.59 19L19 17.59L13.41 12L19 6.41Z"
            />
          </svg>
        </span>
      </button>
      <div
        class="rc-dialog-body"
      >
        <div
          class="c2"
        >
          <div
            class="c3"
          >
            Title
          </div>
          <div
            class="c4"
          >
            <div
              class="c5"
            >
              <div>
                Body
              </div>
            </div>
            <div
              class="c6"
            >
              <div>
                Footer
              </div>
            </div>
            <div
              class="c7"
            >
              <div>
                Panel content
              </div>
            </div>
          </div>
        </div>
      </div>
    </div>
    <div
      aria-hidden="true"
      style="width: 0px; height: 0px; overflow: hidden;"
      tabindex="0"
    />
  </div>
</div>
`;

exports[`Modal with size small with a left panel 1`] = `
.c7 {
  padding: 2.8rem 2.1rem;
  overflow-y: auto;
  -webkit-flex: 1 1 auto;
  -ms-flex: 1 1 auto;
  flex: 1 1 auto;
}

.c3 {
  display: -webkit-box;
  display: -webkit-flex;
  display: -ms-flexbox;
  display: flex;
  padding: 1.4rem 2.1rem;
  border-radius: 0.4rem 0.4rem 0rem 0rem;
  background: #f2f2f2;
  border-bottom: none;
  min-height: 5.6rem;
}

.c8 {
  padding: 2.8rem 2.1rem;
  justify-self: flex-end;
  border-top: none;
}

.c2 {
  display: -webkit-box;
  display: -webkit-flex;
  display: -ms-flexbox;
  display: flex;
  -webkit-flex-direction: column;
  -ms-flex-direction: column;
  flex-direction: column;
  height: 100%;
  min-height: inherit;
}

.c4 {
  display: -webkit-box;
  display: -webkit-flex;
  display: -ms-flexbox;
  display: flex;
  -webkit-flex-direction: row;
  -ms-flex-direction: row;
  flex-direction: row;
  -webkit-align-items: stretch;
  -webkit-box-align: stretch;
  -ms-flex-align: stretch;
  align-items: stretch;
  -webkit-flex: 1 1 auto;
  -ms-flex: 1 1 auto;
  flex: 1 1 auto;
  max-height: calc(100vh - 19.6rem);
  min-height: 29.4rem;
}

.c5 {
  width: 21rem;
  -webkit-flex-shrink: 0;
  -ms-flex-negative: 0;
  flex-shrink: 0;
  border-right: 1px solid #d9d9d9;
  overflow-y: auto;
}

.c6 {
  display: -webkit-box;
  display: -webkit-flex;
  display: -ms-flexbox;
  display: flex;
  -webkit-flex-direction: column;
  -ms-flex-direction: column;
  flex-direction: column;
  -webkit-box-flex: 1;
  -webkit-flex-grow: 1;
  -ms-flex-positive: 1;
  flex-grow: 1;
}

.c1 {
  cursor: inherit;
  display: inline-block;
  height: 18px;
  width: 18px;
}

.c0 {
  width: 63rem !important;
}

.c0 .rc-dialog-body {
  padding: 0;
  height: auto;
  max-height: calc(100vh - 14rem);
  min-height: 35rem;
}

.c0 .rc-dialog-content {
  border-radius: 0.4rem;
}

.c0 .rc-dialog-close {
  right: -1rem;
  top: -1rem;
  opacity: unset;
  padding: 0.15rem;
  line-height: 0;
  background-color: #808080;
  border-radius: 999px;
}

.c0 .rc-dialog-close svg {
  fill: #e6e6e6;
}

.c0.modal-appear,
.c0.modal-enter {
  opacity: 0;
  -webkit-transform: scale(0.9);
  -ms-transform: scale(0.9);
  transform: scale(0.9);
}

.c0.modal-appear.modal-appear-active,
.c0.modal-enter.modal-enter-active {
  opacity: 1;
  -webkit-transform: scale(1.0);
  -ms-transform: scale(1.0);
  transform: scale(1.0);
  -webkit-transition: opacity 250ms cubic-bezier(0,0,0,1) 50ms,-webkit-transform 250ms cubic-bezier(0,0,0,1) 50ms;
  -webkit-transition: opacity 250ms cubic-bezier(0,0,0,1) 50ms,transform 250ms cubic-bezier(0,0,0,1) 50ms;
  transition: opacity 250ms cubic-bezier(0,0,0,1) 50ms,transform 250ms cubic-bezier(0,0,0,1) 50ms;
}

.c0.modal-leave {
  opacity: 1;
  -webkit-transform: scale(1);
  -ms-transform: scale(1);
  transform: scale(1);
}

.c0.modal-leave.modal-leave-active {
  opacity: 0;
  -webkit-transform: scale(0.9);
  -ms-transform: scale(0.9);
  transform: scale(0.9);
  -webkit-transition: opacity 250ms cubic-bezier(1,0,1,1),-webkit-transform 250ms cubic-bezier(1,0,1,1);
  -webkit-transition: opacity 250ms cubic-bezier(1,0,1,1),transform 250ms cubic-bezier(1,0,1,1);
  transition: opacity 250ms cubic-bezier(1,0,1,1),transform 250ms cubic-bezier(1,0,1,1);
}

.c0.modalMask-appear,
.c0.modalMask-enter {
  opacity: 0;
}

.c0.modalMask-appear.modalMask-appear-active,
.c0.modalMask-enter.modalMask-enter-active {
  opacity: 1;
  -webkit-transition: opacity 100ms ease-out;
  transition: opacity 100ms ease-out;
}

.c0.modalMask-leave {
  opacity: 1;
}

.c0.modalMask-leave.modalMask-leave-active {
  opacity: 0;
  -webkit-transition: opacity 100ms ease-out;
  transition: opacity 100ms ease-out;
}

<div
  class="rc-dialog-wrap "
  role="dialog"
  tabindex="-1"
>
  <div
    class="rc-dialog c0 modal-appear"
    role="document"
  >
    <div
      aria-hidden="true"
      style="width: 0px; height: 0px; overflow: hidden;"
      tabindex="0"
    />
    <div
      class="rc-dialog-content"
    >
      <button
        aria-label="Close"
        class="rc-dialog-close"
      >
        <span
          class="c1"
          height="18px"
          type="oClear"
          width="18px"
        >
          <svg
            fill="#000"
            height="18px"
            viewBox="0 0 24 24"
            width="18px"
            xmlns="http://www.w3.org/2000/svg"
          >
            <path
              d="M19 6.41L17.59 5L12 10.59L6.41 5L5 6.41L10.59 12L5 17.59L6.41 19L12 13.41L17.59 19L19 17.59L13.41 12L19 6.41Z"
            />
          </svg>
        </span>
      </button>
      <div
        class="rc-dialog-body"
      >
        <div
          class="c2"
        >
          <div
            class="c3"
          >
            Title
          </div>
          <div
            class="c4"
          >
            <div
              class="c5"
            >
              <div>
                Panel content
              </div>
            </div>
            <div
              class="c6"
            >
              <div
                class="c7"
              >
                <div>
                  Body
                </div>
              </div>
              <div
                class="c8"
              >
                <div>
                  Footer
                </div>
              </div>
            </div>
          </div>
        </div>
      </div>
    </div>
    <div
      aria-hidden="true"
      style="width: 0px; height: 0px; overflow: hidden;"
      tabindex="0"
    />
  </div>
</div>
`;

exports[`Modal with size small with a right panel 1`] = `
.c6 {
  padding: 2.8rem 2.1rem;
  overflow-y: auto;
  -webkit-flex: 1 1 auto;
  -ms-flex: 1 1 auto;
  flex: 1 1 auto;
}

.c3 {
  display: -webkit-box;
  display: -webkit-flex;
  display: -ms-flexbox;
  display: flex;
  padding: 1.4rem 2.1rem;
  border-radius: 0.4rem 0.4rem 0rem 0rem;
  background: #f2f2f2;
  border-bottom: none;
  min-height: 5.6rem;
}

.c7 {
  padding: 2.8rem 2.1rem;
  justify-self: flex-end;
  border-top: none;
}

.c2 {
  display: -webkit-box;
  display: -webkit-flex;
  display: -ms-flexbox;
  display: flex;
  -webkit-flex-direction: column;
  -ms-flex-direction: column;
  flex-direction: column;
  height: 100%;
  min-height: inherit;
}

.c4 {
  display: -webkit-box;
  display: -webkit-flex;
  display: -ms-flexbox;
  display: flex;
  -webkit-flex-direction: row;
  -ms-flex-direction: row;
  flex-direction: row;
  -webkit-align-items: stretch;
  -webkit-box-align: stretch;
  -ms-flex-align: stretch;
  align-items: stretch;
  -webkit-flex: 1 1 auto;
  -ms-flex: 1 1 auto;
  flex: 1 1 auto;
  max-height: calc(100vh - 19.6rem);
  min-height: 29.4rem;
}

.c8 {
  width: 21rem;
  -webkit-flex-shrink: 0;
  -ms-flex-negative: 0;
  flex-shrink: 0;
  border-left: 1px solid #d9d9d9;
  overflow-y: auto;
}

.c5 {
  display: -webkit-box;
  display: -webkit-flex;
  display: -ms-flexbox;
  display: flex;
  -webkit-flex-direction: column;
  -ms-flex-direction: column;
  flex-direction: column;
  -webkit-box-flex: 1;
  -webkit-flex-grow: 1;
  -ms-flex-positive: 1;
  flex-grow: 1;
}

.c1 {
  cursor: inherit;
  display: inline-block;
  height: 18px;
  width: 18px;
}

.c0 {
  width: 63rem !important;
}

.c0 .rc-dialog-body {
  padding: 0;
  height: auto;
  max-height: calc(100vh - 14rem);
  min-height: 35rem;
}

.c0 .rc-dialog-content {
  border-radius: 0.4rem;
}

.c0 .rc-dialog-close {
  right: -1rem;
  top: -1rem;
  opacity: unset;
  padding: 0.15rem;
  line-height: 0;
  background-color: #808080;
  border-radius: 999px;
}

.c0 .rc-dialog-close svg {
  fill: #e6e6e6;
}

.c0.modal-appear,
.c0.modal-enter {
  opacity: 0;
  -webkit-transform: scale(0.9);
  -ms-transform: scale(0.9);
  transform: scale(0.9);
}

.c0.modal-appear.modal-appear-active,
.c0.modal-enter.modal-enter-active {
  opacity: 1;
  -webkit-transform: scale(1.0);
  -ms-transform: scale(1.0);
  transform: scale(1.0);
  -webkit-transition: opacity 250ms cubic-bezier(0,0,0,1) 50ms,-webkit-transform 250ms cubic-bezier(0,0,0,1) 50ms;
  -webkit-transition: opacity 250ms cubic-bezier(0,0,0,1) 50ms,transform 250ms cubic-bezier(0,0,0,1) 50ms;
  transition: opacity 250ms cubic-bezier(0,0,0,1) 50ms,transform 250ms cubic-bezier(0,0,0,1) 50ms;
}

.c0.modal-leave {
  opacity: 1;
  -webkit-transform: scale(1);
  -ms-transform: scale(1);
  transform: scale(1);
}

.c0.modal-leave.modal-leave-active {
  opacity: 0;
  -webkit-transform: scale(0.9);
  -ms-transform: scale(0.9);
  transform: scale(0.9);
  -webkit-transition: opacity 250ms cubic-bezier(1,0,1,1),-webkit-transform 250ms cubic-bezier(1,0,1,1);
  -webkit-transition: opacity 250ms cubic-bezier(1,0,1,1),transform 250ms cubic-bezier(1,0,1,1);
  transition: opacity 250ms cubic-bezier(1,0,1,1),transform 250ms cubic-bezier(1,0,1,1);
}

.c0.modalMask-appear,
.c0.modalMask-enter {
  opacity: 0;
}

.c0.modalMask-appear.modalMask-appear-active,
.c0.modalMask-enter.modalMask-enter-active {
  opacity: 1;
  -webkit-transition: opacity 100ms ease-out;
  transition: opacity 100ms ease-out;
}

.c0.modalMask-leave {
  opacity: 1;
}

.c0.modalMask-leave.modalMask-leave-active {
  opacity: 0;
  -webkit-transition: opacity 100ms ease-out;
  transition: opacity 100ms ease-out;
}

<div
  class="rc-dialog-wrap "
  role="dialog"
  tabindex="-1"
>
  <div
    class="rc-dialog c0 modal-appear"
    role="document"
  >
    <div
      aria-hidden="true"
      style="width: 0px; height: 0px; overflow: hidden;"
      tabindex="0"
    />
    <div
      class="rc-dialog-content"
    >
      <button
        aria-label="Close"
        class="rc-dialog-close"
      >
        <span
          class="c1"
          height="18px"
          type="oClear"
          width="18px"
        >
          <svg
            fill="#000"
            height="18px"
            viewBox="0 0 24 24"
            width="18px"
            xmlns="http://www.w3.org/2000/svg"
          >
            <path
              d="M19 6.41L17.59 5L12 10.59L6.41 5L5 6.41L10.59 12L5 17.59L6.41 19L12 13.41L17.59 19L19 17.59L13.41 12L19 6.41Z"
            />
          </svg>
        </span>
      </button>
      <div
        class="rc-dialog-body"
      >
        <div
          class="c2"
        >
          <div
            class="c3"
          >
            Title
          </div>
          <div
            class="c4"
          >
            <div
              class="c5"
            >
              <div
                class="c6"
              >
                <div>
                  Body
                </div>
              </div>
              <div
                class="c7"
              >
                <div>
                  Footer
                </div>
              </div>
            </div>
            <div
              class="c8"
            >
              <div>
                Panel content
              </div>
            </div>
          </div>
        </div>
      </div>
    </div>
    <div
      aria-hidden="true"
      style="width: 0px; height: 0px; overflow: hidden;"
      tabindex="0"
    />
  </div>
</div>
`;

exports[`Modal with size small with simple config 1`] = `
.c5 {
  padding: 2.8rem 2.1rem;
  overflow-y: auto;
  -webkit-flex: 1 1 auto;
  -ms-flex: 1 1 auto;
  flex: 1 1 auto;
}

.c3 {
  display: -webkit-box;
  display: -webkit-flex;
  display: -ms-flexbox;
  display: flex;
  padding: 1.4rem 2.1rem;
  border-radius: 0.4rem 0.4rem 0rem 0rem;
  background: #f2f2f2;
  border-bottom: none;
  min-height: 5.6rem;
}

.c6 {
  padding: 2.8rem 2.1rem;
  justify-self: flex-end;
  border-top: none;
}

.c2 {
  display: -webkit-box;
  display: -webkit-flex;
  display: -ms-flexbox;
  display: flex;
  -webkit-flex-direction: column;
  -ms-flex-direction: column;
  flex-direction: column;
  height: 100%;
  min-height: inherit;
}

.c4 {
  display: -webkit-box;
  display: -webkit-flex;
  display: -ms-flexbox;
  display: flex;
  -webkit-flex-direction: column;
  -ms-flex-direction: column;
  flex-direction: column;
  -webkit-box-flex: 1;
  -webkit-flex-grow: 1;
  -ms-flex-positive: 1;
  flex-grow: 1;
  max-height: calc(100vh - 19.6rem);
  min-height: 29.4rem;
}

.c1 {
  cursor: inherit;
  display: inline-block;
  height: 18px;
  width: 18px;
}

.c0 {
  width: 63rem !important;
}

.c0 .rc-dialog-body {
  padding: 0;
  height: auto;
  max-height: calc(100vh - 14rem);
  min-height: 35rem;
}

.c0 .rc-dialog-content {
  border-radius: 0.4rem;
}

.c0 .rc-dialog-close {
  right: -1rem;
  top: -1rem;
  opacity: unset;
  padding: 0.15rem;
  line-height: 0;
  background-color: #808080;
  border-radius: 999px;
}

.c0 .rc-dialog-close svg {
  fill: #e6e6e6;
}

.c0.modal-appear,
.c0.modal-enter {
  opacity: 0;
  -webkit-transform: scale(0.9);
  -ms-transform: scale(0.9);
  transform: scale(0.9);
}

.c0.modal-appear.modal-appear-active,
.c0.modal-enter.modal-enter-active {
  opacity: 1;
  -webkit-transform: scale(1.0);
  -ms-transform: scale(1.0);
  transform: scale(1.0);
  -webkit-transition: opacity 250ms cubic-bezier(0,0,0,1) 50ms,-webkit-transform 250ms cubic-bezier(0,0,0,1) 50ms;
  -webkit-transition: opacity 250ms cubic-bezier(0,0,0,1) 50ms,transform 250ms cubic-bezier(0,0,0,1) 50ms;
  transition: opacity 250ms cubic-bezier(0,0,0,1) 50ms,transform 250ms cubic-bezier(0,0,0,1) 50ms;
}

.c0.modal-leave {
  opacity: 1;
  -webkit-transform: scale(1);
  -ms-transform: scale(1);
  transform: scale(1);
}

.c0.modal-leave.modal-leave-active {
  opacity: 0;
  -webkit-transform: scale(0.9);
  -ms-transform: scale(0.9);
  transform: scale(0.9);
  -webkit-transition: opacity 250ms cubic-bezier(1,0,1,1),-webkit-transform 250ms cubic-bezier(1,0,1,1);
  -webkit-transition: opacity 250ms cubic-bezier(1,0,1,1),transform 250ms cubic-bezier(1,0,1,1);
  transition: opacity 250ms cubic-bezier(1,0,1,1),transform 250ms cubic-bezier(1,0,1,1);
}

.c0.modalMask-appear,
.c0.modalMask-enter {
  opacity: 0;
}

.c0.modalMask-appear.modalMask-appear-active,
.c0.modalMask-enter.modalMask-enter-active {
  opacity: 1;
  -webkit-transition: opacity 100ms ease-out;
  transition: opacity 100ms ease-out;
}

.c0.modalMask-leave {
  opacity: 1;
}

.c0.modalMask-leave.modalMask-leave-active {
  opacity: 0;
  -webkit-transition: opacity 100ms ease-out;
  transition: opacity 100ms ease-out;
}

<div
  class="rc-dialog-wrap "
  role="dialog"
  tabindex="-1"
>
  <div
    class="rc-dialog c0 modal-appear"
    role="document"
  >
    <div
      aria-hidden="true"
      style="width: 0px; height: 0px; overflow: hidden;"
      tabindex="0"
    />
    <div
      class="rc-dialog-content"
    >
      <button
        aria-label="Close"
        class="rc-dialog-close"
      >
        <span
          class="c1"
          height="18px"
          type="oClear"
          width="18px"
        >
          <svg
            fill="#000"
            height="18px"
            viewBox="0 0 24 24"
            width="18px"
            xmlns="http://www.w3.org/2000/svg"
          >
            <path
              d="M19 6.41L17.59 5L12 10.59L6.41 5L5 6.41L10.59 12L5 17.59L6.41 19L12 13.41L17.59 19L19 17.59L13.41 12L19 6.41Z"
            />
          </svg>
        </span>
      </button>
      <div
        class="rc-dialog-body"
      >
        <div
          class="c2"
        >
          <div
            class="c3"
          >
            Title
          </div>
          <div
            class="c4"
          >
            <div
              class="c5"
            >
              <div>
                Body
              </div>
            </div>
            <div
              class="c6"
            >
              <div>
                Footer
              </div>
            </div>
          </div>
        </div>
      </div>
    </div>
    <div
      aria-hidden="true"
      style="width: 0px; height: 0px; overflow: hidden;"
      tabindex="0"
    />
  </div>
</div>
`;

exports[`Modal with size x-large with a bottom panel 1`] = `
.c5 {
  padding: 2.8rem 2.1rem;
  overflow-y: auto;
  -webkit-flex: 1 1 auto;
  -ms-flex: 1 1 auto;
  flex: 1 1 auto;
}

.c3 {
  display: -webkit-box;
  display: -webkit-flex;
  display: -ms-flexbox;
  display: flex;
  padding: 1.4rem 2.1rem;
  border-radius: 0.4rem 0.4rem 0rem 0rem;
  background: #f2f2f2;
  border-bottom: none;
  min-height: 5.6rem;
}

.c6 {
  padding: 2.8rem 2.1rem;
  justify-self: flex-end;
  border-top: none;
}

.c2 {
  display: -webkit-box;
  display: -webkit-flex;
  display: -ms-flexbox;
  display: flex;
  -webkit-flex-direction: column;
  -ms-flex-direction: column;
  flex-direction: column;
  height: 100%;
  min-height: inherit;
}

.c4 {
  display: -webkit-box;
  display: -webkit-flex;
  display: -ms-flexbox;
  display: flex;
  -webkit-flex-direction: column;
  -ms-flex-direction: column;
  flex-direction: column;
  -webkit-box-flex: 1;
  -webkit-flex-grow: 1;
  -ms-flex-positive: 1;
  flex-grow: 1;
  max-height: calc(100vh - 19.6rem);
  min-height: 29.4rem;
}

.c7 {
  box-sizing: border-box;
  height: 8.4rem;
  border-top: 1px solid #d9d9d9;
}

.c1 {
  cursor: inherit;
  display: inline-block;
  height: 18px;
  width: 18px;
}

.c0 {
  width: 63rem !important;
}

.c0 .rc-dialog-body {
  padding: 0;
  height: auto;
  max-height: calc(100vh - 14rem);
  min-height: 35rem;
}

.c0 .rc-dialog-content {
  border-radius: 0.4rem;
}

.c0 .rc-dialog-close {
  right: -1rem;
  top: -1rem;
  opacity: unset;
  padding: 0.15rem;
  line-height: 0;
  background-color: #808080;
  border-radius: 999px;
}

.c0 .rc-dialog-close svg {
  fill: #e6e6e6;
}

.c0.modal-appear,
.c0.modal-enter {
  opacity: 0;
  -webkit-transform: scale(0.9);
  -ms-transform: scale(0.9);
  transform: scale(0.9);
}

.c0.modal-appear.modal-appear-active,
.c0.modal-enter.modal-enter-active {
  opacity: 1;
  -webkit-transform: scale(1.0);
  -ms-transform: scale(1.0);
  transform: scale(1.0);
  -webkit-transition: opacity 250ms cubic-bezier(0,0,0,1) 50ms,-webkit-transform 250ms cubic-bezier(0,0,0,1) 50ms;
  -webkit-transition: opacity 250ms cubic-bezier(0,0,0,1) 50ms,transform 250ms cubic-bezier(0,0,0,1) 50ms;
  transition: opacity 250ms cubic-bezier(0,0,0,1) 50ms,transform 250ms cubic-bezier(0,0,0,1) 50ms;
}

.c0.modal-leave {
  opacity: 1;
  -webkit-transform: scale(1);
  -ms-transform: scale(1);
  transform: scale(1);
}

.c0.modal-leave.modal-leave-active {
  opacity: 0;
  -webkit-transform: scale(0.9);
  -ms-transform: scale(0.9);
  transform: scale(0.9);
  -webkit-transition: opacity 250ms cubic-bezier(1,0,1,1),-webkit-transform 250ms cubic-bezier(1,0,1,1);
  -webkit-transition: opacity 250ms cubic-bezier(1,0,1,1),transform 250ms cubic-bezier(1,0,1,1);
  transition: opacity 250ms cubic-bezier(1,0,1,1),transform 250ms cubic-bezier(1,0,1,1);
}

.c0.modalMask-appear,
.c0.modalMask-enter {
  opacity: 0;
}

.c0.modalMask-appear.modalMask-appear-active,
.c0.modalMask-enter.modalMask-enter-active {
  opacity: 1;
  -webkit-transition: opacity 100ms ease-out;
  transition: opacity 100ms ease-out;
}

.c0.modalMask-leave {
  opacity: 1;
}

.c0.modalMask-leave.modalMask-leave-active {
  opacity: 0;
  -webkit-transition: opacity 100ms ease-out;
  transition: opacity 100ms ease-out;
}

<div
  class="rc-dialog-wrap "
  role="dialog"
  tabindex="-1"
>
  <div
    class="rc-dialog c0 modal-appear"
    role="document"
  >
    <div
      aria-hidden="true"
      style="width: 0px; height: 0px; overflow: hidden;"
      tabindex="0"
    />
    <div
      class="rc-dialog-content"
    >
      <button
        aria-label="Close"
        class="rc-dialog-close"
      >
        <span
          class="c1"
          height="18px"
          type="oClear"
          width="18px"
        >
          <svg
            fill="#000"
            height="18px"
            viewBox="0 0 24 24"
            width="18px"
            xmlns="http://www.w3.org/2000/svg"
          >
            <path
              d="M19 6.41L17.59 5L12 10.59L6.41 5L5 6.41L10.59 12L5 17.59L6.41 19L12 13.41L17.59 19L19 17.59L13.41 12L19 6.41Z"
            />
          </svg>
        </span>
      </button>
      <div
        class="rc-dialog-body"
      >
        <div
          class="c2"
        >
          <div
            class="c3"
          >
            Title
          </div>
          <div
            class="c4"
          >
            <div
              class="c5"
            >
              <div>
                Body
              </div>
            </div>
            <div
              class="c6"
            >
              <div>
                Footer
              </div>
            </div>
            <div
              class="c7"
            >
              <div>
                Panel content
              </div>
            </div>
          </div>
        </div>
      </div>
    </div>
    <div
      aria-hidden="true"
      style="width: 0px; height: 0px; overflow: hidden;"
      tabindex="0"
    />
  </div>
</div>
`;

exports[`Modal with size x-large with a left panel 1`] = `
.c7 {
  padding: 2.8rem 2.1rem;
  overflow-y: auto;
  -webkit-flex: 1 1 auto;
  -ms-flex: 1 1 auto;
  flex: 1 1 auto;
}

.c3 {
  display: -webkit-box;
  display: -webkit-flex;
  display: -ms-flexbox;
  display: flex;
  padding: 1.4rem 2.1rem;
  border-radius: 0.4rem 0.4rem 0rem 0rem;
  background: #f2f2f2;
  border-bottom: none;
  min-height: 5.6rem;
}

.c8 {
  padding: 2.8rem 2.1rem;
  justify-self: flex-end;
  border-top: none;
}

.c2 {
  display: -webkit-box;
  display: -webkit-flex;
  display: -ms-flexbox;
  display: flex;
  -webkit-flex-direction: column;
  -ms-flex-direction: column;
  flex-direction: column;
  height: 100%;
  min-height: inherit;
}

.c4 {
  display: -webkit-box;
  display: -webkit-flex;
  display: -ms-flexbox;
  display: flex;
  -webkit-flex-direction: row;
  -ms-flex-direction: row;
  flex-direction: row;
  -webkit-align-items: stretch;
  -webkit-box-align: stretch;
  -ms-flex-align: stretch;
  align-items: stretch;
  -webkit-flex: 1 1 auto;
  -ms-flex: 1 1 auto;
  flex: 1 1 auto;
  max-height: calc(100vh - 19.6rem);
  min-height: 29.4rem;
}

.c5 {
  width: 21rem;
  -webkit-flex-shrink: 0;
  -ms-flex-negative: 0;
  flex-shrink: 0;
  border-right: 1px solid #d9d9d9;
  overflow-y: auto;
}

.c6 {
  display: -webkit-box;
  display: -webkit-flex;
  display: -ms-flexbox;
  display: flex;
  -webkit-flex-direction: column;
  -ms-flex-direction: column;
  flex-direction: column;
  -webkit-box-flex: 1;
  -webkit-flex-grow: 1;
  -ms-flex-positive: 1;
  flex-grow: 1;
}

.c1 {
  cursor: inherit;
  display: inline-block;
  height: 18px;
  width: 18px;
}

.c0 {
  width: 63rem !important;
}

.c0 .rc-dialog-body {
  padding: 0;
  height: auto;
  max-height: calc(100vh - 14rem);
  min-height: 35rem;
}

.c0 .rc-dialog-content {
  border-radius: 0.4rem;
}

.c0 .rc-dialog-close {
  right: -1rem;
  top: -1rem;
  opacity: unset;
  padding: 0.15rem;
  line-height: 0;
  background-color: #808080;
  border-radius: 999px;
}

.c0 .rc-dialog-close svg {
  fill: #e6e6e6;
}

.c0.modal-appear,
.c0.modal-enter {
  opacity: 0;
  -webkit-transform: scale(0.9);
  -ms-transform: scale(0.9);
  transform: scale(0.9);
}

.c0.modal-appear.modal-appear-active,
.c0.modal-enter.modal-enter-active {
  opacity: 1;
  -webkit-transform: scale(1.0);
  -ms-transform: scale(1.0);
  transform: scale(1.0);
  -webkit-transition: opacity 250ms cubic-bezier(0,0,0,1) 50ms,-webkit-transform 250ms cubic-bezier(0,0,0,1) 50ms;
  -webkit-transition: opacity 250ms cubic-bezier(0,0,0,1) 50ms,transform 250ms cubic-bezier(0,0,0,1) 50ms;
  transition: opacity 250ms cubic-bezier(0,0,0,1) 50ms,transform 250ms cubic-bezier(0,0,0,1) 50ms;
}

.c0.modal-leave {
  opacity: 1;
  -webkit-transform: scale(1);
  -ms-transform: scale(1);
  transform: scale(1);
}

.c0.modal-leave.modal-leave-active {
  opacity: 0;
  -webkit-transform: scale(0.9);
  -ms-transform: scale(0.9);
  transform: scale(0.9);
  -webkit-transition: opacity 250ms cubic-bezier(1,0,1,1),-webkit-transform 250ms cubic-bezier(1,0,1,1);
  -webkit-transition: opacity 250ms cubic-bezier(1,0,1,1),transform 250ms cubic-bezier(1,0,1,1);
  transition: opacity 250ms cubic-bezier(1,0,1,1),transform 250ms cubic-bezier(1,0,1,1);
}

.c0.modalMask-appear,
.c0.modalMask-enter {
  opacity: 0;
}

.c0.modalMask-appear.modalMask-appear-active,
.c0.modalMask-enter.modalMask-enter-active {
  opacity: 1;
  -webkit-transition: opacity 100ms ease-out;
  transition: opacity 100ms ease-out;
}

.c0.modalMask-leave {
  opacity: 1;
}

.c0.modalMask-leave.modalMask-leave-active {
  opacity: 0;
  -webkit-transition: opacity 100ms ease-out;
  transition: opacity 100ms ease-out;
}

<div
  class="rc-dialog-wrap "
  role="dialog"
  tabindex="-1"
>
  <div
    class="rc-dialog c0 modal-appear"
    role="document"
  >
    <div
      aria-hidden="true"
      style="width: 0px; height: 0px; overflow: hidden;"
      tabindex="0"
    />
    <div
      class="rc-dialog-content"
    >
      <button
        aria-label="Close"
        class="rc-dialog-close"
      >
        <span
          class="c1"
          height="18px"
          type="oClear"
          width="18px"
        >
          <svg
            fill="#000"
            height="18px"
            viewBox="0 0 24 24"
            width="18px"
            xmlns="http://www.w3.org/2000/svg"
          >
            <path
              d="M19 6.41L17.59 5L12 10.59L6.41 5L5 6.41L10.59 12L5 17.59L6.41 19L12 13.41L17.59 19L19 17.59L13.41 12L19 6.41Z"
            />
          </svg>
        </span>
      </button>
      <div
        class="rc-dialog-body"
      >
        <div
          class="c2"
        >
          <div
            class="c3"
          >
            Title
          </div>
          <div
            class="c4"
          >
            <div
              class="c5"
            >
              <div>
                Panel content
              </div>
            </div>
            <div
              class="c6"
            >
              <div
                class="c7"
              >
                <div>
                  Body
                </div>
              </div>
              <div
                class="c8"
              >
                <div>
                  Footer
                </div>
              </div>
            </div>
          </div>
        </div>
      </div>
    </div>
    <div
      aria-hidden="true"
      style="width: 0px; height: 0px; overflow: hidden;"
      tabindex="0"
    />
  </div>
</div>
`;

exports[`Modal with size x-large with a right panel 1`] = `
.c6 {
  padding: 2.8rem 2.1rem;
  overflow-y: auto;
  -webkit-flex: 1 1 auto;
  -ms-flex: 1 1 auto;
  flex: 1 1 auto;
}

.c3 {
  display: -webkit-box;
  display: -webkit-flex;
  display: -ms-flexbox;
  display: flex;
  padding: 1.4rem 2.1rem;
  border-radius: 0.4rem 0.4rem 0rem 0rem;
  background: #f2f2f2;
  border-bottom: none;
  min-height: 5.6rem;
}

.c7 {
  padding: 2.8rem 2.1rem;
  justify-self: flex-end;
  border-top: none;
}

.c2 {
  display: -webkit-box;
  display: -webkit-flex;
  display: -ms-flexbox;
  display: flex;
  -webkit-flex-direction: column;
  -ms-flex-direction: column;
  flex-direction: column;
  height: 100%;
  min-height: inherit;
}

.c4 {
  display: -webkit-box;
  display: -webkit-flex;
  display: -ms-flexbox;
  display: flex;
  -webkit-flex-direction: row;
  -ms-flex-direction: row;
  flex-direction: row;
  -webkit-align-items: stretch;
  -webkit-box-align: stretch;
  -ms-flex-align: stretch;
  align-items: stretch;
  -webkit-flex: 1 1 auto;
  -ms-flex: 1 1 auto;
  flex: 1 1 auto;
  max-height: calc(100vh - 19.6rem);
  min-height: 29.4rem;
}

.c8 {
  width: 21rem;
  -webkit-flex-shrink: 0;
  -ms-flex-negative: 0;
  flex-shrink: 0;
  border-left: 1px solid #d9d9d9;
  overflow-y: auto;
}

.c5 {
  display: -webkit-box;
  display: -webkit-flex;
  display: -ms-flexbox;
  display: flex;
  -webkit-flex-direction: column;
  -ms-flex-direction: column;
  flex-direction: column;
  -webkit-box-flex: 1;
  -webkit-flex-grow: 1;
  -ms-flex-positive: 1;
  flex-grow: 1;
}

.c1 {
  cursor: inherit;
  display: inline-block;
  height: 18px;
  width: 18px;
}

.c0 {
  width: 63rem !important;
}

.c0 .rc-dialog-body {
  padding: 0;
  height: auto;
  max-height: calc(100vh - 14rem);
  min-height: 35rem;
}

.c0 .rc-dialog-content {
  border-radius: 0.4rem;
}

.c0 .rc-dialog-close {
  right: -1rem;
  top: -1rem;
  opacity: unset;
  padding: 0.15rem;
  line-height: 0;
  background-color: #808080;
  border-radius: 999px;
}

.c0 .rc-dialog-close svg {
  fill: #e6e6e6;
}

.c0.modal-appear,
.c0.modal-enter {
  opacity: 0;
  -webkit-transform: scale(0.9);
  -ms-transform: scale(0.9);
  transform: scale(0.9);
}

.c0.modal-appear.modal-appear-active,
.c0.modal-enter.modal-enter-active {
  opacity: 1;
  -webkit-transform: scale(1.0);
  -ms-transform: scale(1.0);
  transform: scale(1.0);
  -webkit-transition: opacity 250ms cubic-bezier(0,0,0,1) 50ms,-webkit-transform 250ms cubic-bezier(0,0,0,1) 50ms;
  -webkit-transition: opacity 250ms cubic-bezier(0,0,0,1) 50ms,transform 250ms cubic-bezier(0,0,0,1) 50ms;
  transition: opacity 250ms cubic-bezier(0,0,0,1) 50ms,transform 250ms cubic-bezier(0,0,0,1) 50ms;
}

.c0.modal-leave {
  opacity: 1;
  -webkit-transform: scale(1);
  -ms-transform: scale(1);
  transform: scale(1);
}

.c0.modal-leave.modal-leave-active {
  opacity: 0;
  -webkit-transform: scale(0.9);
  -ms-transform: scale(0.9);
  transform: scale(0.9);
  -webkit-transition: opacity 250ms cubic-bezier(1,0,1,1),-webkit-transform 250ms cubic-bezier(1,0,1,1);
  -webkit-transition: opacity 250ms cubic-bezier(1,0,1,1),transform 250ms cubic-bezier(1,0,1,1);
  transition: opacity 250ms cubic-bezier(1,0,1,1),transform 250ms cubic-bezier(1,0,1,1);
}

.c0.modalMask-appear,
.c0.modalMask-enter {
  opacity: 0;
}

.c0.modalMask-appear.modalMask-appear-active,
.c0.modalMask-enter.modalMask-enter-active {
  opacity: 1;
  -webkit-transition: opacity 100ms ease-out;
  transition: opacity 100ms ease-out;
}

.c0.modalMask-leave {
  opacity: 1;
}

.c0.modalMask-leave.modalMask-leave-active {
  opacity: 0;
  -webkit-transition: opacity 100ms ease-out;
  transition: opacity 100ms ease-out;
}

<div
  class="rc-dialog-wrap "
  role="dialog"
  tabindex="-1"
>
  <div
    class="rc-dialog c0 modal-appear"
    role="document"
  >
    <div
      aria-hidden="true"
      style="width: 0px; height: 0px; overflow: hidden;"
      tabindex="0"
    />
    <div
      class="rc-dialog-content"
    >
      <button
        aria-label="Close"
        class="rc-dialog-close"
      >
        <span
          class="c1"
          height="18px"
          type="oClear"
          width="18px"
        >
          <svg
            fill="#000"
            height="18px"
            viewBox="0 0 24 24"
            width="18px"
            xmlns="http://www.w3.org/2000/svg"
          >
            <path
              d="M19 6.41L17.59 5L12 10.59L6.41 5L5 6.41L10.59 12L5 17.59L6.41 19L12 13.41L17.59 19L19 17.59L13.41 12L19 6.41Z"
            />
          </svg>
        </span>
      </button>
      <div
        class="rc-dialog-body"
      >
        <div
          class="c2"
        >
          <div
            class="c3"
          >
            Title
          </div>
          <div
            class="c4"
          >
            <div
              class="c5"
            >
              <div
                class="c6"
              >
                <div>
                  Body
                </div>
              </div>
              <div
                class="c7"
              >
                <div>
                  Footer
                </div>
              </div>
            </div>
            <div
              class="c8"
            >
              <div>
                Panel content
              </div>
            </div>
          </div>
        </div>
      </div>
    </div>
    <div
      aria-hidden="true"
      style="width: 0px; height: 0px; overflow: hidden;"
      tabindex="0"
    />
  </div>
</div>
`;

exports[`Modal with size x-large with simple config 1`] = `
.c5 {
  padding: 2.8rem 2.1rem;
  overflow-y: auto;
  -webkit-flex: 1 1 auto;
  -ms-flex: 1 1 auto;
  flex: 1 1 auto;
}

.c3 {
  display: -webkit-box;
  display: -webkit-flex;
  display: -ms-flexbox;
  display: flex;
  padding: 1.4rem 2.1rem;
  border-radius: 0.4rem 0.4rem 0rem 0rem;
  background: #f2f2f2;
  border-bottom: none;
  min-height: 5.6rem;
}

.c6 {
  padding: 2.8rem 2.1rem;
  justify-self: flex-end;
  border-top: none;
}

.c2 {
  display: -webkit-box;
  display: -webkit-flex;
  display: -ms-flexbox;
  display: flex;
  -webkit-flex-direction: column;
  -ms-flex-direction: column;
  flex-direction: column;
  height: 100%;
  min-height: inherit;
}

.c4 {
  display: -webkit-box;
  display: -webkit-flex;
  display: -ms-flexbox;
  display: flex;
  -webkit-flex-direction: column;
  -ms-flex-direction: column;
  flex-direction: column;
  -webkit-box-flex: 1;
  -webkit-flex-grow: 1;
  -ms-flex-positive: 1;
  flex-grow: 1;
  max-height: calc(100vh - 19.6rem);
  min-height: 29.4rem;
}

.c1 {
  cursor: inherit;
  display: inline-block;
  height: 18px;
  width: 18px;
}

.c0 {
  width: 63rem !important;
}

.c0 .rc-dialog-body {
  padding: 0;
  height: auto;
  max-height: calc(100vh - 14rem);
  min-height: 35rem;
}

.c0 .rc-dialog-content {
  border-radius: 0.4rem;
}

.c0 .rc-dialog-close {
  right: -1rem;
  top: -1rem;
  opacity: unset;
  padding: 0.15rem;
  line-height: 0;
  background-color: #808080;
  border-radius: 999px;
}

.c0 .rc-dialog-close svg {
  fill: #e6e6e6;
}

.c0.modal-appear,
.c0.modal-enter {
  opacity: 0;
  -webkit-transform: scale(0.9);
  -ms-transform: scale(0.9);
  transform: scale(0.9);
}

.c0.modal-appear.modal-appear-active,
.c0.modal-enter.modal-enter-active {
  opacity: 1;
  -webkit-transform: scale(1.0);
  -ms-transform: scale(1.0);
  transform: scale(1.0);
  -webkit-transition: opacity 250ms cubic-bezier(0,0,0,1) 50ms,-webkit-transform 250ms cubic-bezier(0,0,0,1) 50ms;
  -webkit-transition: opacity 250ms cubic-bezier(0,0,0,1) 50ms,transform 250ms cubic-bezier(0,0,0,1) 50ms;
  transition: opacity 250ms cubic-bezier(0,0,0,1) 50ms,transform 250ms cubic-bezier(0,0,0,1) 50ms;
}

.c0.modal-leave {
  opacity: 1;
  -webkit-transform: scale(1);
  -ms-transform: scale(1);
  transform: scale(1);
}

.c0.modal-leave.modal-leave-active {
  opacity: 0;
  -webkit-transform: scale(0.9);
  -ms-transform: scale(0.9);
  transform: scale(0.9);
  -webkit-transition: opacity 250ms cubic-bezier(1,0,1,1),-webkit-transform 250ms cubic-bezier(1,0,1,1);
  -webkit-transition: opacity 250ms cubic-bezier(1,0,1,1),transform 250ms cubic-bezier(1,0,1,1);
  transition: opacity 250ms cubic-bezier(1,0,1,1),transform 250ms cubic-bezier(1,0,1,1);
}

.c0.modalMask-appear,
.c0.modalMask-enter {
  opacity: 0;
}

.c0.modalMask-appear.modalMask-appear-active,
.c0.modalMask-enter.modalMask-enter-active {
  opacity: 1;
  -webkit-transition: opacity 100ms ease-out;
  transition: opacity 100ms ease-out;
}

.c0.modalMask-leave {
  opacity: 1;
}

.c0.modalMask-leave.modalMask-leave-active {
  opacity: 0;
  -webkit-transition: opacity 100ms ease-out;
  transition: opacity 100ms ease-out;
}

<div
  class="rc-dialog-wrap "
  role="dialog"
  tabindex="-1"
>
  <div
    class="rc-dialog c0 modal-appear"
    role="document"
  >
    <div
      aria-hidden="true"
      style="width: 0px; height: 0px; overflow: hidden;"
      tabindex="0"
    />
    <div
      class="rc-dialog-content"
    >
      <button
        aria-label="Close"
        class="rc-dialog-close"
      >
        <span
          class="c1"
          height="18px"
          type="oClear"
          width="18px"
        >
          <svg
            fill="#000"
            height="18px"
            viewBox="0 0 24 24"
            width="18px"
            xmlns="http://www.w3.org/2000/svg"
          >
            <path
              d="M19 6.41L17.59 5L12 10.59L6.41 5L5 6.41L10.59 12L5 17.59L6.41 19L12 13.41L17.59 19L19 17.59L13.41 12L19 6.41Z"
            />
          </svg>
        </span>
      </button>
      <div
        class="rc-dialog-body"
      >
        <div
          class="c2"
        >
          <div
            class="c3"
          >
            Title
          </div>
          <div
            class="c4"
          >
            <div
              class="c5"
            >
              <div>
                Body
              </div>
            </div>
            <div
              class="c6"
            >
              <div>
                Footer
              </div>
            </div>
          </div>
        </div>
      </div>
    </div>
    <div
      aria-hidden="true"
      style="width: 0px; height: 0px; overflow: hidden;"
      tabindex="0"
    />
  </div>
</div>
`;
