// Jest Snapshot v1, https://goo.gl/fbAQLP

exports[`Modal with size large with a bottom panel 1`] = `
.c2 {
  display: -webkit-box;
  display: -webkit-flex;
  display: -ms-flexbox;
  display: flex;
  -webkit-flex-direction: column;
  -ms-flex-direction: column;
  flex-direction: column;
  height: 100%;
}

.c8 {
  box-sizing: border-box;
  height: 8.4rem;
  border-top: 1px solid #d9d9d9;
}

.c1 {
  cursor: inherit;
  display: -webkit-box;
  display: -webkit-flex;
  display: -ms-flexbox;
  display: flex;
}

.c0 {
  width: 63rem !important;
}

.c0 .rc-dialog-body {
  padding: 0;
  height: calc(100vh - 14rem);
  min-height: 35rem;
}

.c0 .rc-dialog-content {
  border-radius: 0.4rem;
}

.c0 .rc-dialog-close {
  top: 2.5rem;
  opacity: unset;
  padding: 0.15rem;
  background-color: #808080;
  border-radius: 999px;
}

.c0 .rc-dialog-close svg {
  fill: #e6e6e6;
}

.c3 {
  display: -webkit-box;
  display: -webkit-flex;
  display: -ms-flexbox;
  display: flex;
  padding: 2.1rem 2.8rem;
  border-radius: 0.4rem 0.4rem 0rem 0rem;
  background: #f2f2f2;
}

.c4 {
  font-size: 20px;
  line-height: 30px;
  color: #333333;
}

.c5 {
  display: -webkit-box;
  display: -webkit-flex;
  display: -ms-flexbox;
  display: flex;
  -webkit-box-flex: 1;
  -webkit-flex-grow: 1;
  -ms-flex-positive: 1;
  flex-grow: 1;
  -webkit-box-pack: end;
  -webkit-justify-content: flex-end;
  -ms-flex-pack: end;
  justify-content: flex-end;
  -webkit-align-items: center;
  -webkit-box-align: center;
  -ms-flex-align: center;
  align-items: center;
}

.c6 {
  padding: 2.1rem 2.8rem 0rem;
  overflow-y: auto;
  -webkit-flex: 1 1 auto;
  -ms-flex: 1 1 auto;
  flex: 1 1 auto;
}

.c7 {
  padding: 2.1rem 2.8rem;
  justify-self: flex-end;
  border-top: none;
}

<div
  class="rc-dialog-wrap "
  role="dialog"
  tabindex="-1"
>
  <div
    class="rc-dialog c0"
    role="document"
  >
    <div
      aria-hidden="true"
      style="width: 0px; height: 0px; overflow: hidden;"
      tabindex="0"
    />
    <div
      class="rc-dialog-content"
    >
      <button
        aria-label="Close"
        class="rc-dialog-close"
      >
        <span
          class="c1"
          type="oClear"
        >
          <svg
            fill="#000"
            height="18px"
            viewBox="0 0 24 24"
            width="18px"
            xmlns="http://www.w3.org/2000/svg"
          >
            <path
              d="M19 6.41L17.59 5L12 10.59L6.41 5L5 6.41L10.59 12L5 17.59L6.41 19L12 13.41L17.59 19L19 17.59L13.41 12L19 6.41Z"
            />
          </svg>
        </span>
      </button>
      <div
        class="rc-dialog-body"
      >
        <div
          class="c2"
        >
          <div
            class="c3"
          >
            <div
              class="c4"
            >
              Title
            </div>
            <div
              class="c5"
            />
          </div>
          <div
            class="c6"
          >
            <div>
              Body
            </div>
          </div>
          <div
            class="c7"
          >
            <div>
              Footer
            </div>
          </div>
          <div
            class="c8"
          >
            <div>
              Panel content
            </div>
          </div>
        </div>
      </div>
    </div>
    <div
      aria-hidden="true"
      style="width: 0px; height: 0px; overflow: hidden;"
      tabindex="0"
    />
  </div>
</div>
`;

exports[`Modal with size large with a left panel 1`] = `
.c2 {
  display: -webkit-box;
  display: -webkit-flex;
  display: -ms-flexbox;
  display: flex;
  -webkit-flex-direction: column;
  -ms-flex-direction: column;
  flex-direction: column;
  height: 100%;
}

.c6 {
  display: -webkit-box;
  display: -webkit-flex;
  display: -ms-flexbox;
  display: flex;
  -webkit-flex-direction: row;
  -ms-flex-direction: row;
  flex-direction: row;
  -webkit-align-items: stretch;
  -webkit-box-align: stretch;
  -ms-flex-align: stretch;
  align-items: stretch;
  -webkit-flex: 1 1 auto;
  -ms-flex: 1 1 auto;
  flex: 1 1 auto;
}

.c7 {
  width: 210px;
  border-right: 1px solid #d9d9d9;
}

.c8 {
  width: 100%;
  display: -webkit-box;
  display: -webkit-flex;
  display: -ms-flexbox;
  display: flex;
  -webkit-flex-direction: column;
  -ms-flex-direction: column;
  flex-direction: column;
}

.c1 {
  cursor: inherit;
  display: -webkit-box;
  display: -webkit-flex;
  display: -ms-flexbox;
  display: flex;
}

.c0 {
  width: 63rem !important;
}

.c0 .rc-dialog-body {
  padding: 0;
  height: calc(100vh - 14rem);
  min-height: 35rem;
}

.c0 .rc-dialog-content {
  border-radius: 0.4rem;
}

.c0 .rc-dialog-close {
  top: 2.5rem;
  opacity: unset;
  padding: 0.15rem;
  background-color: #808080;
  border-radius: 999px;
}

.c0 .rc-dialog-close svg {
  fill: #e6e6e6;
}

.c3 {
  display: -webkit-box;
  display: -webkit-flex;
  display: -ms-flexbox;
  display: flex;
  padding: 2.1rem 2.8rem;
  border-radius: 0.4rem 0.4rem 0rem 0rem;
  background: #f2f2f2;
}

.c4 {
  font-size: 20px;
  line-height: 30px;
  color: #333333;
}

.c5 {
  display: -webkit-box;
  display: -webkit-flex;
  display: -ms-flexbox;
  display: flex;
  -webkit-box-flex: 1;
  -webkit-flex-grow: 1;
  -ms-flex-positive: 1;
  flex-grow: 1;
  -webkit-box-pack: end;
  -webkit-justify-content: flex-end;
  -ms-flex-pack: end;
  justify-content: flex-end;
  -webkit-align-items: center;
  -webkit-box-align: center;
  -ms-flex-align: center;
  align-items: center;
}

.c9 {
  padding: 2.1rem 2.8rem 0rem;
  overflow-y: auto;
  -webkit-flex: 1 1 auto;
  -ms-flex: 1 1 auto;
  flex: 1 1 auto;
}

.c10 {
  padding: 2.1rem 2.8rem;
  justify-self: flex-end;
  border-top: none;
}

<div
  class="rc-dialog-wrap "
  role="dialog"
  tabindex="-1"
>
  <div
    class="rc-dialog c0"
    role="document"
  >
    <div
      aria-hidden="true"
      style="width: 0px; height: 0px; overflow: hidden;"
      tabindex="0"
    />
    <div
      class="rc-dialog-content"
    >
      <button
        aria-label="Close"
        class="rc-dialog-close"
      >
        <span
          class="c1"
          type="oClear"
        >
          <svg
            fill="#000"
            height="18px"
            viewBox="0 0 24 24"
            width="18px"
            xmlns="http://www.w3.org/2000/svg"
          >
            <path
              d="M19 6.41L17.59 5L12 10.59L6.41 5L5 6.41L10.59 12L5 17.59L6.41 19L12 13.41L17.59 19L19 17.59L13.41 12L19 6.41Z"
            />
          </svg>
        </span>
      </button>
      <div
        class="rc-dialog-body"
      >
        <div
          class="c2"
        >
          <div
            class="c3"
          >
            <div
              class="c4"
            >
              Title
            </div>
            <div
              class="c5"
            />
          </div>
          <div
            class="c6"
          >
            <div
              class="c7"
            >
              <div>
                Panel content
              </div>
            </div>
            <div
              class="c8"
            >
              <div
                class="c9"
              >
                <div>
                  Body
                </div>
              </div>
              <div
                class="c10"
              >
                <div>
                  Footer
                </div>
              </div>
            </div>
          </div>
        </div>
      </div>
    </div>
    <div
      aria-hidden="true"
      style="width: 0px; height: 0px; overflow: hidden;"
      tabindex="0"
    />
  </div>
</div>
`;

exports[`Modal with size large with a right panel 1`] = `
.c2 {
  display: -webkit-box;
  display: -webkit-flex;
  display: -ms-flexbox;
  display: flex;
  -webkit-flex-direction: column;
  -ms-flex-direction: column;
  flex-direction: column;
  height: 100%;
}

.c6 {
  display: -webkit-box;
  display: -webkit-flex;
  display: -ms-flexbox;
  display: flex;
  -webkit-flex-direction: row;
  -ms-flex-direction: row;
  flex-direction: row;
  -webkit-align-items: stretch;
  -webkit-box-align: stretch;
  -ms-flex-align: stretch;
  align-items: stretch;
  -webkit-flex: 1 1 auto;
  -ms-flex: 1 1 auto;
  flex: 1 1 auto;
}

.c7 {
  width: 100%;
  -webkit-flex: 1 1 auto;
  -ms-flex: 1 1 auto;
  flex: 1 1 auto;
  display: -webkit-box;
  display: -webkit-flex;
  display: -ms-flexbox;
  display: flex;
  -webkit-flex-direction: column;
  -ms-flex-direction: column;
  flex-direction: column;
}

.c10 {
  width: 210px;
  border-left: 1px solid #d9d9d9;
}

.c1 {
  cursor: inherit;
  display: -webkit-box;
  display: -webkit-flex;
  display: -ms-flexbox;
  display: flex;
}

.c0 {
  width: 63rem !important;
}

.c0 .rc-dialog-body {
  padding: 0;
  height: calc(100vh - 14rem);
  min-height: 35rem;
}

.c0 .rc-dialog-content {
  border-radius: 0.4rem;
}

.c0 .rc-dialog-close {
  top: 2.5rem;
  opacity: unset;
  padding: 0.15rem;
  background-color: #808080;
  border-radius: 999px;
}

.c0 .rc-dialog-close svg {
  fill: #e6e6e6;
}

.c3 {
  display: -webkit-box;
  display: -webkit-flex;
  display: -ms-flexbox;
  display: flex;
  padding: 2.1rem 2.8rem;
  border-radius: 0.4rem 0.4rem 0rem 0rem;
  background: #f2f2f2;
}

.c4 {
  font-size: 20px;
  line-height: 30px;
  color: #333333;
}

.c5 {
  display: -webkit-box;
  display: -webkit-flex;
  display: -ms-flexbox;
  display: flex;
  -webkit-box-flex: 1;
  -webkit-flex-grow: 1;
  -ms-flex-positive: 1;
  flex-grow: 1;
  -webkit-box-pack: end;
  -webkit-justify-content: flex-end;
  -ms-flex-pack: end;
  justify-content: flex-end;
  -webkit-align-items: center;
  -webkit-box-align: center;
  -ms-flex-align: center;
  align-items: center;
}

.c8 {
  padding: 2.1rem 2.8rem 0rem;
  overflow-y: auto;
  -webkit-flex: 1 1 auto;
  -ms-flex: 1 1 auto;
  flex: 1 1 auto;
}

.c9 {
  padding: 2.1rem 2.8rem;
  justify-self: flex-end;
  border-top: none;
}

<div
  class="rc-dialog-wrap "
  role="dialog"
  tabindex="-1"
>
  <div
    class="rc-dialog c0"
    role="document"
  >
    <div
      aria-hidden="true"
      style="width: 0px; height: 0px; overflow: hidden;"
      tabindex="0"
    />
    <div
      class="rc-dialog-content"
    >
      <button
        aria-label="Close"
        class="rc-dialog-close"
      >
        <span
          class="c1"
          type="oClear"
        >
          <svg
            fill="#000"
            height="18px"
            viewBox="0 0 24 24"
            width="18px"
            xmlns="http://www.w3.org/2000/svg"
          >
            <path
              d="M19 6.41L17.59 5L12 10.59L6.41 5L5 6.41L10.59 12L5 17.59L6.41 19L12 13.41L17.59 19L19 17.59L13.41 12L19 6.41Z"
            />
          </svg>
        </span>
      </button>
      <div
        class="rc-dialog-body"
      >
        <div
          class="c2"
        >
          <div
            class="c3"
          >
            <div
              class="c4"
            >
              Title
            </div>
            <div
              class="c5"
            />
          </div>
          <div
            class="c6"
          >
            <div
              class="c7"
            >
              <div
                class="c8"
              >
                <div>
                  Body
                </div>
              </div>
              <div
                class="c9"
              >
                <div>
                  Footer
                </div>
              </div>
            </div>
            <div
              class="c10"
            >
              <div>
                Panel content
              </div>
            </div>
          </div>
        </div>
      </div>
    </div>
    <div
      aria-hidden="true"
      style="width: 0px; height: 0px; overflow: hidden;"
      tabindex="0"
    />
  </div>
</div>
`;

exports[`Modal with size large with right section in header 1`] = `
.c2 {
  display: -webkit-box;
  display: -webkit-flex;
  display: -ms-flexbox;
  display: flex;
  -webkit-flex-direction: column;
  -ms-flex-direction: column;
  flex-direction: column;
  height: 100%;
}

.c1 {
  cursor: inherit;
  display: -webkit-box;
  display: -webkit-flex;
  display: -ms-flexbox;
  display: flex;
}

.c0 {
  width: 63rem !important;
}

.c0 .rc-dialog-body {
  padding: 0;
  height: calc(100vh - 14rem);
  min-height: 35rem;
}

.c0 .rc-dialog-content {
  border-radius: 0.4rem;
}

.c0 .rc-dialog-close {
  right: -1rem;
  top: -1rem;
  opacity: unset;
  padding: 0.15rem;
  background-color: #808080;
  border-radius: 999px;
}

.c0 .rc-dialog-close svg {
  fill: #e6e6e6;
}

.c3 {
  display: -webkit-box;
  display: -webkit-flex;
  display: -ms-flexbox;
  display: flex;
  padding: 2.1rem 2.8rem;
  border-radius: 0.4rem 0.4rem 0rem 0rem;
  background: #f2f2f2;
}

.c4 {
  font-size: 20px;
  line-height: 30px;
  color: #333333;
}

.c5 {
  display: -webkit-box;
  display: -webkit-flex;
  display: -ms-flexbox;
  display: flex;
  -webkit-box-flex: 1;
  -webkit-flex-grow: 1;
  -ms-flex-positive: 1;
  flex-grow: 1;
  -webkit-box-pack: end;
  -webkit-justify-content: flex-end;
  -ms-flex-pack: end;
  justify-content: flex-end;
  -webkit-align-items: center;
  -webkit-box-align: center;
  -ms-flex-align: center;
  align-items: center;
}

.c6 {
  padding: 2.1rem 2.8rem 0rem;
  overflow-y: auto;
  -webkit-flex: 1 1 auto;
  -ms-flex: 1 1 auto;
  flex: 1 1 auto;
}

.c7 {
  padding: 2.1rem 2.8rem;
  justify-self: flex-end;
  border-top: none;
}

<div
  class="rc-dialog-wrap "
  role="dialog"
  tabindex="-1"
>
  <div
    class="rc-dialog c0"
    role="document"
  >
    <div
      aria-hidden="true"
      style="width: 0px; height: 0px; overflow: hidden;"
      tabindex="0"
    />
    <div
      class="rc-dialog-content"
    >
      <button
        aria-label="Close"
        class="rc-dialog-close"
      >
        <span
          class="c1"
          type="oClear"
        >
          <svg
            fill="#000"
            height="18px"
            viewBox="0 0 24 24"
            width="18px"
            xmlns="http://www.w3.org/2000/svg"
          >
            <path
              d="M19 6.41L17.59 5L12 10.59L6.41 5L5 6.41L10.59 12L5 17.59L6.41 19L12 13.41L17.59 19L19 17.59L13.41 12L19 6.41Z"
            />
          </svg>
        </span>
      </button>
      <div
        class="rc-dialog-body"
      >
        <div
          class="c2"
        >
          <div
            class="c3"
          >
            <div
              class="c4"
            >
              Title
            </div>
            <div
              class="c5"
            >
              <div>
                <div>
                  The right section
                </div>
              </div>
            </div>
          </div>
          <div
            class="c6"
          >
            <div>
              Body
            </div>
          </div>
          <div
            class="c7"
          >
            <div>
              Footer
            </div>
          </div>
        </div>
      </div>
    </div>
    <div
      aria-hidden="true"
      style="width: 0px; height: 0px; overflow: hidden;"
      tabindex="0"
    />
  </div>
</div>
`;

exports[`Modal with size large with simple config 1`] = `
.c2 {
  display: -webkit-box;
  display: -webkit-flex;
  display: -ms-flexbox;
  display: flex;
  -webkit-flex-direction: column;
  -ms-flex-direction: column;
  flex-direction: column;
  height: 100%;
}

.c1 {
  cursor: inherit;
  display: -webkit-box;
  display: -webkit-flex;
  display: -ms-flexbox;
  display: flex;
}

.c0 {
  width: 63rem !important;
}

.c0 .rc-dialog-body {
  padding: 0;
  height: calc(100vh - 14rem);
  min-height: 35rem;
}

.c0 .rc-dialog-content {
  border-radius: 0.4rem;
}

.c0 .rc-dialog-close {
  top: 2.5rem;
  opacity: unset;
  padding: 0.15rem;
  background-color: #808080;
  border-radius: 999px;
}

.c0 .rc-dialog-close svg {
  fill: #e6e6e6;
}

.c3 {
  display: -webkit-box;
  display: -webkit-flex;
  display: -ms-flexbox;
  display: flex;
  padding: 2.1rem 2.8rem;
  border-radius: 0.4rem 0.4rem 0rem 0rem;
  background: #f2f2f2;
}

.c4 {
  font-size: 20px;
  line-height: 30px;
  color: #333333;
}

.c5 {
  display: -webkit-box;
  display: -webkit-flex;
  display: -ms-flexbox;
  display: flex;
  -webkit-box-flex: 1;
  -webkit-flex-grow: 1;
  -ms-flex-positive: 1;
  flex-grow: 1;
  -webkit-box-pack: end;
  -webkit-justify-content: flex-end;
  -ms-flex-pack: end;
  justify-content: flex-end;
  -webkit-align-items: center;
  -webkit-box-align: center;
  -ms-flex-align: center;
  align-items: center;
}

.c6 {
  padding: 2.1rem 2.8rem 0rem;
  overflow-y: auto;
  -webkit-flex: 1 1 auto;
  -ms-flex: 1 1 auto;
  flex: 1 1 auto;
}

.c7 {
  padding: 2.1rem 2.8rem;
  justify-self: flex-end;
  border-top: none;
}

<div
  class="rc-dialog-wrap "
  role="dialog"
  tabindex="-1"
>
  <div
    class="rc-dialog c0"
    role="document"
  >
    <div
      aria-hidden="true"
      style="width: 0px; height: 0px; overflow: hidden;"
      tabindex="0"
    />
    <div
      class="rc-dialog-content"
    >
      <button
        aria-label="Close"
        class="rc-dialog-close"
      >
        <span
          class="c1"
          type="oClear"
        >
          <svg
            fill="#000"
            height="18px"
            viewBox="0 0 24 24"
            width="18px"
            xmlns="http://www.w3.org/2000/svg"
          >
            <path
              d="M19 6.41L17.59 5L12 10.59L6.41 5L5 6.41L10.59 12L5 17.59L6.41 19L12 13.41L17.59 19L19 17.59L13.41 12L19 6.41Z"
            />
          </svg>
        </span>
      </button>
      <div
        class="rc-dialog-body"
      >
        <div
          class="c2"
        >
          <div
            class="c3"
          >
            <div
              class="c4"
            >
              Title
            </div>
            <div
              class="c5"
            />
          </div>
          <div
            class="c6"
          >
            <div>
              Body
            </div>
          </div>
          <div
            class="c7"
          >
            <div>
              Footer
            </div>
          </div>
        </div>
      </div>
    </div>
    <div
      aria-hidden="true"
      style="width: 0px; height: 0px; overflow: hidden;"
      tabindex="0"
    />
  </div>
</div>
`;

exports[`Modal with size medium with a bottom panel 1`] = `
.c2 {
  display: -webkit-box;
  display: -webkit-flex;
  display: -ms-flexbox;
  display: flex;
  -webkit-flex-direction: column;
  -ms-flex-direction: column;
  flex-direction: column;
  height: 100%;
}

.c8 {
  box-sizing: border-box;
  height: 8.4rem;
  border-top: 1px solid #d9d9d9;
}

.c1 {
  cursor: inherit;
  display: -webkit-box;
  display: -webkit-flex;
  display: -ms-flexbox;
  display: flex;
}

.c0 {
  width: 63rem !important;
}

.c0 .rc-dialog-body {
  padding: 0;
  height: calc(100vh - 14rem);
  min-height: 35rem;
}

.c0 .rc-dialog-content {
  border-radius: 0.4rem;
}

.c0 .rc-dialog-close {
  top: 2.5rem;
  opacity: unset;
  padding: 0.15rem;
  background-color: #808080;
  border-radius: 999px;
}

.c0 .rc-dialog-close svg {
  fill: #e6e6e6;
}

.c3 {
  display: -webkit-box;
  display: -webkit-flex;
  display: -ms-flexbox;
  display: flex;
  padding: 2.1rem 2.8rem;
  border-radius: 0.4rem 0.4rem 0rem 0rem;
  background: #f2f2f2;
}

.c4 {
  font-size: 20px;
  line-height: 30px;
  color: #333333;
}

.c5 {
  display: -webkit-box;
  display: -webkit-flex;
  display: -ms-flexbox;
  display: flex;
  -webkit-box-flex: 1;
  -webkit-flex-grow: 1;
  -ms-flex-positive: 1;
  flex-grow: 1;
  -webkit-box-pack: end;
  -webkit-justify-content: flex-end;
  -ms-flex-pack: end;
  justify-content: flex-end;
  -webkit-align-items: center;
  -webkit-box-align: center;
  -ms-flex-align: center;
  align-items: center;
}

.c6 {
  padding: 2.1rem 2.8rem 0rem;
  overflow-y: auto;
  -webkit-flex: 1 1 auto;
  -ms-flex: 1 1 auto;
  flex: 1 1 auto;
}

.c7 {
  padding: 2.1rem 2.8rem;
  justify-self: flex-end;
  border-top: none;
}

<div
  class="rc-dialog-wrap "
  role="dialog"
  tabindex="-1"
>
  <div
    class="rc-dialog c0"
    role="document"
  >
    <div
      aria-hidden="true"
      style="width: 0px; height: 0px; overflow: hidden;"
      tabindex="0"
    />
    <div
      class="rc-dialog-content"
    >
      <button
        aria-label="Close"
        class="rc-dialog-close"
      >
        <span
          class="c1"
          type="oClear"
        >
          <svg
            fill="#000"
            height="18px"
            viewBox="0 0 24 24"
            width="18px"
            xmlns="http://www.w3.org/2000/svg"
          >
            <path
              d="M19 6.41L17.59 5L12 10.59L6.41 5L5 6.41L10.59 12L5 17.59L6.41 19L12 13.41L17.59 19L19 17.59L13.41 12L19 6.41Z"
            />
          </svg>
        </span>
      </button>
      <div
        class="rc-dialog-body"
      >
        <div
          class="c2"
        >
          <div
            class="c3"
          >
            <div
              class="c4"
            >
              Title
            </div>
            <div
              class="c5"
            />
          </div>
          <div
            class="c6"
          >
            <div>
              Body
            </div>
          </div>
          <div
            class="c7"
          >
            <div>
              Footer
            </div>
          </div>
          <div
            class="c8"
          >
            <div>
              Panel content
            </div>
          </div>
        </div>
      </div>
    </div>
    <div
      aria-hidden="true"
      style="width: 0px; height: 0px; overflow: hidden;"
      tabindex="0"
    />
  </div>
</div>
`;

exports[`Modal with size medium with a left panel 1`] = `
.c2 {
  display: -webkit-box;
  display: -webkit-flex;
  display: -ms-flexbox;
  display: flex;
  -webkit-flex-direction: column;
  -ms-flex-direction: column;
  flex-direction: column;
  height: 100%;
}

.c6 {
  display: -webkit-box;
  display: -webkit-flex;
  display: -ms-flexbox;
  display: flex;
  -webkit-flex-direction: row;
  -ms-flex-direction: row;
  flex-direction: row;
  -webkit-align-items: stretch;
  -webkit-box-align: stretch;
  -ms-flex-align: stretch;
  align-items: stretch;
  -webkit-flex: 1 1 auto;
  -ms-flex: 1 1 auto;
  flex: 1 1 auto;
}

.c7 {
  width: 210px;
  border-right: 1px solid #d9d9d9;
}

.c8 {
  width: 100%;
  display: -webkit-box;
  display: -webkit-flex;
  display: -ms-flexbox;
  display: flex;
  -webkit-flex-direction: column;
  -ms-flex-direction: column;
  flex-direction: column;
}

.c1 {
  cursor: inherit;
  display: -webkit-box;
  display: -webkit-flex;
  display: -ms-flexbox;
  display: flex;
}

.c0 {
  width: 63rem !important;
}

.c0 .rc-dialog-body {
  padding: 0;
  height: calc(100vh - 14rem);
  min-height: 35rem;
}

.c0 .rc-dialog-content {
  border-radius: 0.4rem;
}

.c0 .rc-dialog-close {
  top: 2.5rem;
  opacity: unset;
  padding: 0.15rem;
  background-color: #808080;
  border-radius: 999px;
}

.c0 .rc-dialog-close svg {
  fill: #e6e6e6;
}

.c3 {
  display: -webkit-box;
  display: -webkit-flex;
  display: -ms-flexbox;
  display: flex;
  padding: 2.1rem 2.8rem;
  border-radius: 0.4rem 0.4rem 0rem 0rem;
  background: #f2f2f2;
}

.c4 {
  font-size: 20px;
  line-height: 30px;
  color: #333333;
}

.c5 {
  display: -webkit-box;
  display: -webkit-flex;
  display: -ms-flexbox;
  display: flex;
  -webkit-box-flex: 1;
  -webkit-flex-grow: 1;
  -ms-flex-positive: 1;
  flex-grow: 1;
  -webkit-box-pack: end;
  -webkit-justify-content: flex-end;
  -ms-flex-pack: end;
  justify-content: flex-end;
  -webkit-align-items: center;
  -webkit-box-align: center;
  -ms-flex-align: center;
  align-items: center;
}

.c9 {
  padding: 2.1rem 2.8rem 0rem;
  overflow-y: auto;
  -webkit-flex: 1 1 auto;
  -ms-flex: 1 1 auto;
  flex: 1 1 auto;
}

.c10 {
  padding: 2.1rem 2.8rem;
  justify-self: flex-end;
  border-top: none;
}

<div
  class="rc-dialog-wrap "
  role="dialog"
  tabindex="-1"
>
  <div
    class="rc-dialog c0"
    role="document"
  >
    <div
      aria-hidden="true"
      style="width: 0px; height: 0px; overflow: hidden;"
      tabindex="0"
    />
    <div
      class="rc-dialog-content"
    >
      <button
        aria-label="Close"
        class="rc-dialog-close"
      >
        <span
          class="c1"
          type="oClear"
        >
          <svg
            fill="#000"
            height="18px"
            viewBox="0 0 24 24"
            width="18px"
            xmlns="http://www.w3.org/2000/svg"
          >
            <path
              d="M19 6.41L17.59 5L12 10.59L6.41 5L5 6.41L10.59 12L5 17.59L6.41 19L12 13.41L17.59 19L19 17.59L13.41 12L19 6.41Z"
            />
          </svg>
        </span>
      </button>
      <div
        class="rc-dialog-body"
      >
        <div
          class="c2"
        >
          <div
            class="c3"
          >
            <div
              class="c4"
            >
              Title
            </div>
            <div
              class="c5"
            />
          </div>
          <div
            class="c6"
          >
            <div
              class="c7"
            >
              <div>
                Panel content
              </div>
            </div>
            <div
              class="c8"
            >
              <div
                class="c9"
              >
                <div>
                  Body
                </div>
              </div>
              <div
                class="c10"
              >
                <div>
                  Footer
                </div>
              </div>
            </div>
          </div>
        </div>
      </div>
    </div>
    <div
      aria-hidden="true"
      style="width: 0px; height: 0px; overflow: hidden;"
      tabindex="0"
    />
  </div>
</div>
`;

exports[`Modal with size medium with a right panel 1`] = `
.c2 {
  display: -webkit-box;
  display: -webkit-flex;
  display: -ms-flexbox;
  display: flex;
  -webkit-flex-direction: column;
  -ms-flex-direction: column;
  flex-direction: column;
  height: 100%;
}

.c6 {
  display: -webkit-box;
  display: -webkit-flex;
  display: -ms-flexbox;
  display: flex;
  -webkit-flex-direction: row;
  -ms-flex-direction: row;
  flex-direction: row;
  -webkit-align-items: stretch;
  -webkit-box-align: stretch;
  -ms-flex-align: stretch;
  align-items: stretch;
  -webkit-flex: 1 1 auto;
  -ms-flex: 1 1 auto;
  flex: 1 1 auto;
}

.c7 {
  width: 100%;
  -webkit-flex: 1 1 auto;
  -ms-flex: 1 1 auto;
  flex: 1 1 auto;
  display: -webkit-box;
  display: -webkit-flex;
  display: -ms-flexbox;
  display: flex;
  -webkit-flex-direction: column;
  -ms-flex-direction: column;
  flex-direction: column;
}

.c10 {
  width: 210px;
  border-left: 1px solid #d9d9d9;
}

.c1 {
  cursor: inherit;
  display: -webkit-box;
  display: -webkit-flex;
  display: -ms-flexbox;
  display: flex;
}

.c0 {
  width: 63rem !important;
}

.c0 .rc-dialog-body {
  padding: 0;
  height: calc(100vh - 14rem);
  min-height: 35rem;
}

.c0 .rc-dialog-content {
  border-radius: 0.4rem;
}

.c0 .rc-dialog-close {
  top: 2.5rem;
  opacity: unset;
  padding: 0.15rem;
  background-color: #808080;
  border-radius: 999px;
}

.c0 .rc-dialog-close svg {
  fill: #e6e6e6;
}

.c3 {
  display: -webkit-box;
  display: -webkit-flex;
  display: -ms-flexbox;
  display: flex;
  padding: 2.1rem 2.8rem;
  border-radius: 0.4rem 0.4rem 0rem 0rem;
  background: #f2f2f2;
}

.c4 {
  font-size: 20px;
  line-height: 30px;
  color: #333333;
}

.c5 {
  display: -webkit-box;
  display: -webkit-flex;
  display: -ms-flexbox;
  display: flex;
  -webkit-box-flex: 1;
  -webkit-flex-grow: 1;
  -ms-flex-positive: 1;
  flex-grow: 1;
  -webkit-box-pack: end;
  -webkit-justify-content: flex-end;
  -ms-flex-pack: end;
  justify-content: flex-end;
  -webkit-align-items: center;
  -webkit-box-align: center;
  -ms-flex-align: center;
  align-items: center;
}

.c8 {
  padding: 2.1rem 2.8rem 0rem;
  overflow-y: auto;
  -webkit-flex: 1 1 auto;
  -ms-flex: 1 1 auto;
  flex: 1 1 auto;
}

.c9 {
  padding: 2.1rem 2.8rem;
  justify-self: flex-end;
  border-top: none;
}

<div
  class="rc-dialog-wrap "
  role="dialog"
  tabindex="-1"
>
  <div
    class="rc-dialog c0"
    role="document"
  >
    <div
      aria-hidden="true"
      style="width: 0px; height: 0px; overflow: hidden;"
      tabindex="0"
    />
    <div
      class="rc-dialog-content"
    >
      <button
        aria-label="Close"
        class="rc-dialog-close"
      >
        <span
          class="c1"
          type="oClear"
        >
          <svg
            fill="#000"
            height="18px"
            viewBox="0 0 24 24"
            width="18px"
            xmlns="http://www.w3.org/2000/svg"
          >
            <path
              d="M19 6.41L17.59 5L12 10.59L6.41 5L5 6.41L10.59 12L5 17.59L6.41 19L12 13.41L17.59 19L19 17.59L13.41 12L19 6.41Z"
            />
          </svg>
        </span>
      </button>
      <div
        class="rc-dialog-body"
      >
        <div
          class="c2"
        >
          <div
            class="c3"
          >
            <div
              class="c4"
            >
              Title
            </div>
            <div
              class="c5"
            />
          </div>
          <div
            class="c6"
          >
            <div
              class="c7"
            >
              <div
                class="c8"
              >
                <div>
                  Body
                </div>
              </div>
              <div
                class="c9"
              >
                <div>
                  Footer
                </div>
              </div>
            </div>
            <div
              class="c10"
            >
              <div>
                Panel content
              </div>
            </div>
          </div>
        </div>
      </div>
    </div>
    <div
      aria-hidden="true"
      style="width: 0px; height: 0px; overflow: hidden;"
      tabindex="0"
    />
  </div>
</div>
`;

exports[`Modal with size medium with right section in header 1`] = `
.c2 {
  display: -webkit-box;
  display: -webkit-flex;
  display: -ms-flexbox;
  display: flex;
  -webkit-flex-direction: column;
  -ms-flex-direction: column;
  flex-direction: column;
  height: 100%;
}

.c1 {
  cursor: inherit;
  display: -webkit-box;
  display: -webkit-flex;
  display: -ms-flexbox;
  display: flex;
}

.c0 {
  width: 63rem !important;
}

.c0 .rc-dialog-body {
  padding: 0;
  height: calc(100vh - 14rem);
  min-height: 35rem;
}

.c0 .rc-dialog-content {
  border-radius: 0.4rem;
}

.c0 .rc-dialog-close {
  right: -1rem;
  top: -1rem;
  opacity: unset;
  padding: 0.15rem;
  background-color: #808080;
  border-radius: 999px;
}

.c0 .rc-dialog-close svg {
  fill: #e6e6e6;
}

.c3 {
  display: -webkit-box;
  display: -webkit-flex;
  display: -ms-flexbox;
  display: flex;
  padding: 2.1rem 2.8rem;
  border-radius: 0.4rem 0.4rem 0rem 0rem;
  background: #f2f2f2;
}

.c4 {
  font-size: 20px;
  line-height: 30px;
  color: #333333;
}

.c5 {
  display: -webkit-box;
  display: -webkit-flex;
  display: -ms-flexbox;
  display: flex;
  -webkit-box-flex: 1;
  -webkit-flex-grow: 1;
  -ms-flex-positive: 1;
  flex-grow: 1;
  -webkit-box-pack: end;
  -webkit-justify-content: flex-end;
  -ms-flex-pack: end;
  justify-content: flex-end;
  -webkit-align-items: center;
  -webkit-box-align: center;
  -ms-flex-align: center;
  align-items: center;
}

.c6 {
  padding: 2.1rem 2.8rem 0rem;
  overflow-y: auto;
  -webkit-flex: 1 1 auto;
  -ms-flex: 1 1 auto;
  flex: 1 1 auto;
}

.c7 {
  padding: 2.1rem 2.8rem;
  justify-self: flex-end;
  border-top: none;
}

<div
  class="rc-dialog-wrap "
  role="dialog"
  tabindex="-1"
>
  <div
    class="rc-dialog c0"
    role="document"
  >
    <div
      aria-hidden="true"
      style="width: 0px; height: 0px; overflow: hidden;"
      tabindex="0"
    />
    <div
      class="rc-dialog-content"
    >
      <button
        aria-label="Close"
        class="rc-dialog-close"
      >
        <span
          class="c1"
          type="oClear"
        >
          <svg
            fill="#000"
            height="18px"
            viewBox="0 0 24 24"
            width="18px"
            xmlns="http://www.w3.org/2000/svg"
          >
            <path
              d="M19 6.41L17.59 5L12 10.59L6.41 5L5 6.41L10.59 12L5 17.59L6.41 19L12 13.41L17.59 19L19 17.59L13.41 12L19 6.41Z"
            />
          </svg>
        </span>
      </button>
      <div
        class="rc-dialog-body"
      >
        <div
          class="c2"
        >
          <div
            class="c3"
          >
            <div
              class="c4"
            >
              Title
            </div>
            <div
              class="c5"
            >
              <div>
                <div>
                  The right section
                </div>
              </div>
            </div>
          </div>
          <div
            class="c6"
          >
            <div>
              Body
            </div>
          </div>
          <div
            class="c7"
          >
            <div>
              Footer
            </div>
          </div>
        </div>
      </div>
    </div>
    <div
      aria-hidden="true"
      style="width: 0px; height: 0px; overflow: hidden;"
      tabindex="0"
    />
  </div>
</div>
`;

exports[`Modal with size medium with simple config 1`] = `
.c2 {
  display: -webkit-box;
  display: -webkit-flex;
  display: -ms-flexbox;
  display: flex;
  -webkit-flex-direction: column;
  -ms-flex-direction: column;
  flex-direction: column;
  height: 100%;
}

.c1 {
  cursor: inherit;
  display: -webkit-box;
  display: -webkit-flex;
  display: -ms-flexbox;
  display: flex;
}

.c0 {
  width: 63rem !important;
}

.c0 .rc-dialog-body {
  padding: 0;
  height: calc(100vh - 14rem);
  min-height: 35rem;
}

.c0 .rc-dialog-content {
  border-radius: 0.4rem;
}

.c0 .rc-dialog-close {
  top: 2.5rem;
  opacity: unset;
  padding: 0.15rem;
  background-color: #808080;
  border-radius: 999px;
}

.c0 .rc-dialog-close svg {
  fill: #e6e6e6;
}

.c3 {
  display: -webkit-box;
  display: -webkit-flex;
  display: -ms-flexbox;
  display: flex;
  padding: 2.1rem 2.8rem;
  border-radius: 0.4rem 0.4rem 0rem 0rem;
  background: #f2f2f2;
}

.c4 {
  font-size: 20px;
  line-height: 30px;
  color: #333333;
}

.c5 {
  display: -webkit-box;
  display: -webkit-flex;
  display: -ms-flexbox;
  display: flex;
  -webkit-box-flex: 1;
  -webkit-flex-grow: 1;
  -ms-flex-positive: 1;
  flex-grow: 1;
  -webkit-box-pack: end;
  -webkit-justify-content: flex-end;
  -ms-flex-pack: end;
  justify-content: flex-end;
  -webkit-align-items: center;
  -webkit-box-align: center;
  -ms-flex-align: center;
  align-items: center;
}

.c6 {
  padding: 2.1rem 2.8rem 0rem;
  overflow-y: auto;
  -webkit-flex: 1 1 auto;
  -ms-flex: 1 1 auto;
  flex: 1 1 auto;
}

.c7 {
  padding: 2.1rem 2.8rem;
  justify-self: flex-end;
  border-top: none;
}

<div
  class="rc-dialog-wrap "
  role="dialog"
  tabindex="-1"
>
  <div
    class="rc-dialog c0"
    role="document"
  >
    <div
      aria-hidden="true"
      style="width: 0px; height: 0px; overflow: hidden;"
      tabindex="0"
    />
    <div
      class="rc-dialog-content"
    >
      <button
        aria-label="Close"
        class="rc-dialog-close"
      >
        <span
          class="c1"
          type="oClear"
        >
          <svg
            fill="#000"
            height="18px"
            viewBox="0 0 24 24"
            width="18px"
            xmlns="http://www.w3.org/2000/svg"
          >
            <path
              d="M19 6.41L17.59 5L12 10.59L6.41 5L5 6.41L10.59 12L5 17.59L6.41 19L12 13.41L17.59 19L19 17.59L13.41 12L19 6.41Z"
            />
          </svg>
        </span>
      </button>
      <div
        class="rc-dialog-body"
      >
        <div
          class="c2"
        >
          <div
            class="c3"
          >
            <div
              class="c4"
            >
              Title
            </div>
            <div
              class="c5"
            />
          </div>
          <div
            class="c6"
          >
            <div>
              Body
            </div>
          </div>
          <div
            class="c7"
          >
            <div>
              Footer
            </div>
          </div>
        </div>
      </div>
    </div>
    <div
      aria-hidden="true"
      style="width: 0px; height: 0px; overflow: hidden;"
      tabindex="0"
    />
  </div>
</div>
`;

exports[`Modal with size small with a bottom panel 1`] = `
.c2 {
  display: -webkit-box;
  display: -webkit-flex;
  display: -ms-flexbox;
  display: flex;
  -webkit-flex-direction: column;
  -ms-flex-direction: column;
  flex-direction: column;
  height: 100%;
}

.c8 {
  box-sizing: border-box;
  height: 8.4rem;
  border-top: 1px solid #d9d9d9;
}

.c1 {
  cursor: inherit;
  display: -webkit-box;
  display: -webkit-flex;
  display: -ms-flexbox;
  display: flex;
}

.c0 {
  width: 63rem !important;
}

.c0 .rc-dialog-body {
  padding: 0;
  height: calc(100vh - 14rem);
  min-height: 35rem;
}

.c0 .rc-dialog-content {
  border-radius: 0.4rem;
}

.c0 .rc-dialog-close {
  top: 2.5rem;
  opacity: unset;
  padding: 0.15rem;
  background-color: #808080;
  border-radius: 999px;
}

.c0 .rc-dialog-close svg {
  fill: #e6e6e6;
}

.c3 {
  display: -webkit-box;
  display: -webkit-flex;
  display: -ms-flexbox;
  display: flex;
  padding: 2.1rem 2.8rem;
  border-radius: 0.4rem 0.4rem 0rem 0rem;
  background: #f2f2f2;
}

.c4 {
  font-size: 20px;
  line-height: 30px;
  color: #333333;
}

.c5 {
  display: -webkit-box;
  display: -webkit-flex;
  display: -ms-flexbox;
  display: flex;
  -webkit-box-flex: 1;
  -webkit-flex-grow: 1;
  -ms-flex-positive: 1;
  flex-grow: 1;
  -webkit-box-pack: end;
  -webkit-justify-content: flex-end;
  -ms-flex-pack: end;
  justify-content: flex-end;
  -webkit-align-items: center;
  -webkit-box-align: center;
  -ms-flex-align: center;
  align-items: center;
}

.c6 {
  padding: 2.1rem 2.8rem 0rem;
  overflow-y: auto;
  -webkit-flex: 1 1 auto;
  -ms-flex: 1 1 auto;
  flex: 1 1 auto;
}

.c7 {
  padding: 2.1rem 2.8rem;
  justify-self: flex-end;
  border-top: none;
}

<div
  class="rc-dialog-wrap "
  role="dialog"
  tabindex="-1"
>
  <div
    class="rc-dialog c0"
    role="document"
  >
    <div
      aria-hidden="true"
      style="width: 0px; height: 0px; overflow: hidden;"
      tabindex="0"
    />
    <div
      class="rc-dialog-content"
    >
      <button
        aria-label="Close"
        class="rc-dialog-close"
      >
        <span
          class="c1"
          type="oClear"
        >
          <svg
            fill="#000"
            height="18px"
            viewBox="0 0 24 24"
            width="18px"
            xmlns="http://www.w3.org/2000/svg"
          >
            <path
              d="M19 6.41L17.59 5L12 10.59L6.41 5L5 6.41L10.59 12L5 17.59L6.41 19L12 13.41L17.59 19L19 17.59L13.41 12L19 6.41Z"
            />
          </svg>
        </span>
      </button>
      <div
        class="rc-dialog-body"
      >
        <div
          class="c2"
        >
          <div
            class="c3"
          >
            <div
              class="c4"
            >
              Title
            </div>
            <div
              class="c5"
            />
          </div>
          <div
            class="c6"
          >
            <div>
              Body
            </div>
          </div>
          <div
            class="c7"
          >
            <div>
              Footer
            </div>
          </div>
          <div
            class="c8"
          >
            <div>
              Panel content
            </div>
          </div>
        </div>
      </div>
    </div>
    <div
      aria-hidden="true"
      style="width: 0px; height: 0px; overflow: hidden;"
      tabindex="0"
    />
  </div>
</div>
`;

exports[`Modal with size small with a left panel 1`] = `
.c2 {
  display: -webkit-box;
  display: -webkit-flex;
  display: -ms-flexbox;
  display: flex;
  -webkit-flex-direction: column;
  -ms-flex-direction: column;
  flex-direction: column;
  height: 100%;
}

.c6 {
  display: -webkit-box;
  display: -webkit-flex;
  display: -ms-flexbox;
  display: flex;
  -webkit-flex-direction: row;
  -ms-flex-direction: row;
  flex-direction: row;
  -webkit-align-items: stretch;
  -webkit-box-align: stretch;
  -ms-flex-align: stretch;
  align-items: stretch;
  -webkit-flex: 1 1 auto;
  -ms-flex: 1 1 auto;
  flex: 1 1 auto;
}

.c7 {
  width: 210px;
  border-right: 1px solid #d9d9d9;
}

.c8 {
  width: 100%;
  display: -webkit-box;
  display: -webkit-flex;
  display: -ms-flexbox;
  display: flex;
  -webkit-flex-direction: column;
  -ms-flex-direction: column;
  flex-direction: column;
}

.c1 {
  cursor: inherit;
  display: -webkit-box;
  display: -webkit-flex;
  display: -ms-flexbox;
  display: flex;
}

.c0 {
  width: 63rem !important;
}

.c0 .rc-dialog-body {
  padding: 0;
  height: calc(100vh - 14rem);
  min-height: 35rem;
}

.c0 .rc-dialog-content {
  border-radius: 0.4rem;
}

.c0 .rc-dialog-close {
  top: 2.5rem;
  opacity: unset;
  padding: 0.15rem;
  background-color: #808080;
  border-radius: 999px;
}

.c0 .rc-dialog-close svg {
  fill: #e6e6e6;
}

.c3 {
  display: -webkit-box;
  display: -webkit-flex;
  display: -ms-flexbox;
  display: flex;
  padding: 2.1rem 2.8rem;
  border-radius: 0.4rem 0.4rem 0rem 0rem;
  background: #f2f2f2;
}

.c4 {
  font-size: 20px;
  line-height: 30px;
  color: #333333;
}

.c5 {
  display: -webkit-box;
  display: -webkit-flex;
  display: -ms-flexbox;
  display: flex;
  -webkit-box-flex: 1;
  -webkit-flex-grow: 1;
  -ms-flex-positive: 1;
  flex-grow: 1;
  -webkit-box-pack: end;
  -webkit-justify-content: flex-end;
  -ms-flex-pack: end;
  justify-content: flex-end;
  -webkit-align-items: center;
  -webkit-box-align: center;
  -ms-flex-align: center;
  align-items: center;
}

.c9 {
  padding: 2.1rem 2.8rem 0rem;
  overflow-y: auto;
  -webkit-flex: 1 1 auto;
  -ms-flex: 1 1 auto;
  flex: 1 1 auto;
}

.c10 {
  padding: 2.1rem 2.8rem;
  justify-self: flex-end;
  border-top: none;
}

<div
  class="rc-dialog-wrap "
  role="dialog"
  tabindex="-1"
>
  <div
    class="rc-dialog c0"
    role="document"
  >
    <div
      aria-hidden="true"
      style="width: 0px; height: 0px; overflow: hidden;"
      tabindex="0"
    />
    <div
      class="rc-dialog-content"
    >
      <button
        aria-label="Close"
        class="rc-dialog-close"
      >
        <span
          class="c1"
          type="oClear"
        >
          <svg
            fill="#000"
            height="18px"
            viewBox="0 0 24 24"
            width="18px"
            xmlns="http://www.w3.org/2000/svg"
          >
            <path
              d="M19 6.41L17.59 5L12 10.59L6.41 5L5 6.41L10.59 12L5 17.59L6.41 19L12 13.41L17.59 19L19 17.59L13.41 12L19 6.41Z"
            />
          </svg>
        </span>
      </button>
      <div
        class="rc-dialog-body"
      >
        <div
          class="c2"
        >
          <div
            class="c3"
          >
            <div
              class="c4"
            >
              Title
            </div>
            <div
              class="c5"
            />
          </div>
          <div
            class="c6"
          >
            <div
              class="c7"
            >
              <div>
                Panel content
              </div>
            </div>
            <div
              class="c8"
            >
              <div
                class="c9"
              >
                <div>
                  Body
                </div>
              </div>
              <div
                class="c10"
              >
                <div>
                  Footer
                </div>
              </div>
            </div>
          </div>
        </div>
      </div>
    </div>
    <div
      aria-hidden="true"
      style="width: 0px; height: 0px; overflow: hidden;"
      tabindex="0"
    />
  </div>
</div>
`;

exports[`Modal with size small with a right panel 1`] = `
.c2 {
  display: -webkit-box;
  display: -webkit-flex;
  display: -ms-flexbox;
  display: flex;
  -webkit-flex-direction: column;
  -ms-flex-direction: column;
  flex-direction: column;
  height: 100%;
}

.c6 {
  display: -webkit-box;
  display: -webkit-flex;
  display: -ms-flexbox;
  display: flex;
  -webkit-flex-direction: row;
  -ms-flex-direction: row;
  flex-direction: row;
  -webkit-align-items: stretch;
  -webkit-box-align: stretch;
  -ms-flex-align: stretch;
  align-items: stretch;
  -webkit-flex: 1 1 auto;
  -ms-flex: 1 1 auto;
  flex: 1 1 auto;
}

.c7 {
  width: 100%;
  -webkit-flex: 1 1 auto;
  -ms-flex: 1 1 auto;
  flex: 1 1 auto;
  display: -webkit-box;
  display: -webkit-flex;
  display: -ms-flexbox;
  display: flex;
  -webkit-flex-direction: column;
  -ms-flex-direction: column;
  flex-direction: column;
}

.c10 {
  width: 210px;
  border-left: 1px solid #d9d9d9;
}

.c1 {
  cursor: inherit;
  display: -webkit-box;
  display: -webkit-flex;
  display: -ms-flexbox;
  display: flex;
}

.c0 {
  width: 63rem !important;
}

.c0 .rc-dialog-body {
  padding: 0;
  height: calc(100vh - 14rem);
  min-height: 35rem;
}

.c0 .rc-dialog-content {
  border-radius: 0.4rem;
}

.c0 .rc-dialog-close {
  top: 2.5rem;
  opacity: unset;
  padding: 0.15rem;
  background-color: #808080;
  border-radius: 999px;
}

.c0 .rc-dialog-close svg {
  fill: #e6e6e6;
}

.c3 {
  display: -webkit-box;
  display: -webkit-flex;
  display: -ms-flexbox;
  display: flex;
  padding: 2.1rem 2.8rem;
  border-radius: 0.4rem 0.4rem 0rem 0rem;
  background: #f2f2f2;
}

.c4 {
  font-size: 20px;
  line-height: 30px;
  color: #333333;
}

.c5 {
  display: -webkit-box;
  display: -webkit-flex;
  display: -ms-flexbox;
  display: flex;
  -webkit-box-flex: 1;
  -webkit-flex-grow: 1;
  -ms-flex-positive: 1;
  flex-grow: 1;
  -webkit-box-pack: end;
  -webkit-justify-content: flex-end;
  -ms-flex-pack: end;
  justify-content: flex-end;
  -webkit-align-items: center;
  -webkit-box-align: center;
  -ms-flex-align: center;
  align-items: center;
}

.c8 {
  padding: 2.1rem 2.8rem 0rem;
  overflow-y: auto;
  -webkit-flex: 1 1 auto;
  -ms-flex: 1 1 auto;
  flex: 1 1 auto;
}

.c9 {
  padding: 2.1rem 2.8rem;
  justify-self: flex-end;
  border-top: none;
}

<div
  class="rc-dialog-wrap "
  role="dialog"
  tabindex="-1"
>
  <div
    class="rc-dialog c0"
    role="document"
  >
    <div
      aria-hidden="true"
      style="width: 0px; height: 0px; overflow: hidden;"
      tabindex="0"
    />
    <div
      class="rc-dialog-content"
    >
      <button
        aria-label="Close"
        class="rc-dialog-close"
      >
        <span
          class="c1"
          type="oClear"
        >
          <svg
            fill="#000"
            height="18px"
            viewBox="0 0 24 24"
            width="18px"
            xmlns="http://www.w3.org/2000/svg"
          >
            <path
              d="M19 6.41L17.59 5L12 10.59L6.41 5L5 6.41L10.59 12L5 17.59L6.41 19L12 13.41L17.59 19L19 17.59L13.41 12L19 6.41Z"
            />
          </svg>
        </span>
      </button>
      <div
        class="rc-dialog-body"
      >
        <div
          class="c2"
        >
          <div
            class="c3"
          >
            <div
              class="c4"
            >
              Title
            </div>
            <div
              class="c5"
            />
          </div>
          <div
            class="c6"
          >
            <div
              class="c7"
            >
              <div
                class="c8"
              >
                <div>
                  Body
                </div>
              </div>
              <div
                class="c9"
              >
                <div>
                  Footer
                </div>
              </div>
            </div>
            <div
              class="c10"
            >
              <div>
                Panel content
              </div>
            </div>
          </div>
        </div>
      </div>
    </div>
    <div
      aria-hidden="true"
      style="width: 0px; height: 0px; overflow: hidden;"
      tabindex="0"
    />
  </div>
</div>
`;

exports[`Modal with size small with right section in header 1`] = `
.c2 {
  display: -webkit-box;
  display: -webkit-flex;
  display: -ms-flexbox;
  display: flex;
  -webkit-flex-direction: column;
  -ms-flex-direction: column;
  flex-direction: column;
  height: 100%;
}

.c1 {
  cursor: inherit;
  display: -webkit-box;
  display: -webkit-flex;
  display: -ms-flexbox;
  display: flex;
}

.c0 {
  width: 63rem !important;
}

.c0 .rc-dialog-body {
  padding: 0;
  height: calc(100vh - 14rem);
  min-height: 35rem;
}

.c0 .rc-dialog-content {
  border-radius: 0.4rem;
}

.c0 .rc-dialog-close {
  right: -1rem;
  top: -1rem;
  opacity: unset;
  padding: 0.15rem;
  background-color: #808080;
  border-radius: 999px;
}

.c0 .rc-dialog-close svg {
  fill: #e6e6e6;
}

.c3 {
  display: -webkit-box;
  display: -webkit-flex;
  display: -ms-flexbox;
  display: flex;
  padding: 2.1rem 2.8rem;
  border-radius: 0.4rem 0.4rem 0rem 0rem;
  background: #f2f2f2;
}

.c4 {
  font-size: 20px;
  line-height: 30px;
  color: #333333;
}

.c5 {
  display: -webkit-box;
  display: -webkit-flex;
  display: -ms-flexbox;
  display: flex;
  -webkit-box-flex: 1;
  -webkit-flex-grow: 1;
  -ms-flex-positive: 1;
  flex-grow: 1;
  -webkit-box-pack: end;
  -webkit-justify-content: flex-end;
  -ms-flex-pack: end;
  justify-content: flex-end;
  -webkit-align-items: center;
  -webkit-box-align: center;
  -ms-flex-align: center;
  align-items: center;
}

.c6 {
  padding: 2.1rem 2.8rem 0rem;
  overflow-y: auto;
  -webkit-flex: 1 1 auto;
  -ms-flex: 1 1 auto;
  flex: 1 1 auto;
}

.c7 {
  padding: 2.1rem 2.8rem;
  justify-self: flex-end;
  border-top: none;
}

<div
  class="rc-dialog-wrap "
  role="dialog"
  tabindex="-1"
>
  <div
    class="rc-dialog c0"
    role="document"
  >
    <div
      aria-hidden="true"
      style="width: 0px; height: 0px; overflow: hidden;"
      tabindex="0"
    />
    <div
      class="rc-dialog-content"
    >
      <button
        aria-label="Close"
        class="rc-dialog-close"
      >
        <span
          class="c1"
          type="oClear"
        >
          <svg
            fill="#000"
            height="18px"
            viewBox="0 0 24 24"
            width="18px"
            xmlns="http://www.w3.org/2000/svg"
          >
            <path
              d="M19 6.41L17.59 5L12 10.59L6.41 5L5 6.41L10.59 12L5 17.59L6.41 19L12 13.41L17.59 19L19 17.59L13.41 12L19 6.41Z"
            />
          </svg>
        </span>
      </button>
      <div
        class="rc-dialog-body"
      >
        <div
          class="c2"
        >
          <div
            class="c3"
          >
            <div
              class="c4"
            >
              Title
            </div>
            <div
              class="c5"
            >
              <div>
                <div>
                  The right section
                </div>
              </div>
            </div>
          </div>
          <div
            class="c6"
          >
            <div>
              Body
            </div>
          </div>
          <div
            class="c7"
          >
            <div>
              Footer
            </div>
          </div>
        </div>
      </div>
    </div>
    <div
      aria-hidden="true"
      style="width: 0px; height: 0px; overflow: hidden;"
      tabindex="0"
    />
  </div>
</div>
`;

exports[`Modal with size small with simple config 1`] = `
.c2 {
  display: -webkit-box;
  display: -webkit-flex;
  display: -ms-flexbox;
  display: flex;
  -webkit-flex-direction: column;
  -ms-flex-direction: column;
  flex-direction: column;
  height: 100%;
}

.c1 {
  cursor: inherit;
  display: -webkit-box;
  display: -webkit-flex;
  display: -ms-flexbox;
  display: flex;
}

.c0 {
  width: 63rem !important;
}

.c0 .rc-dialog-body {
  padding: 0;
  height: calc(100vh - 14rem);
  min-height: 35rem;
}

.c0 .rc-dialog-content {
  border-radius: 0.4rem;
}

.c0 .rc-dialog-close {
  top: 2.5rem;
  opacity: unset;
  padding: 0.15rem;
  background-color: #808080;
  border-radius: 999px;
}

.c0 .rc-dialog-close svg {
  fill: #e6e6e6;
}

.c3 {
  display: -webkit-box;
  display: -webkit-flex;
  display: -ms-flexbox;
  display: flex;
  padding: 2.1rem 2.8rem;
  border-radius: 0.4rem 0.4rem 0rem 0rem;
  background: #f2f2f2;
}

.c4 {
  font-size: 20px;
  line-height: 30px;
  color: #333333;
}

.c5 {
  display: -webkit-box;
  display: -webkit-flex;
  display: -ms-flexbox;
  display: flex;
  -webkit-box-flex: 1;
  -webkit-flex-grow: 1;
  -ms-flex-positive: 1;
  flex-grow: 1;
  -webkit-box-pack: end;
  -webkit-justify-content: flex-end;
  -ms-flex-pack: end;
  justify-content: flex-end;
  -webkit-align-items: center;
  -webkit-box-align: center;
  -ms-flex-align: center;
  align-items: center;
}

.c6 {
  padding: 2.1rem 2.8rem 0rem;
  overflow-y: auto;
  -webkit-flex: 1 1 auto;
  -ms-flex: 1 1 auto;
  flex: 1 1 auto;
}

.c7 {
  padding: 2.1rem 2.8rem;
  justify-self: flex-end;
  border-top: none;
}

<div
  class="rc-dialog-wrap "
  role="dialog"
  tabindex="-1"
>
  <div
    class="rc-dialog c0"
    role="document"
  >
    <div
      aria-hidden="true"
      style="width: 0px; height: 0px; overflow: hidden;"
      tabindex="0"
    />
    <div
      class="rc-dialog-content"
    >
      <button
        aria-label="Close"
        class="rc-dialog-close"
      >
        <span
          class="c1"
          type="oClear"
        >
          <svg
            fill="#000"
            height="18px"
            viewBox="0 0 24 24"
            width="18px"
            xmlns="http://www.w3.org/2000/svg"
          >
            <path
              d="M19 6.41L17.59 5L12 10.59L6.41 5L5 6.41L10.59 12L5 17.59L6.41 19L12 13.41L17.59 19L19 17.59L13.41 12L19 6.41Z"
            />
          </svg>
        </span>
      </button>
      <div
        class="rc-dialog-body"
      >
        <div
          class="c2"
        >
          <div
            class="c3"
          >
            <div
              class="c4"
            >
              Title
            </div>
            <div
              class="c5"
            />
          </div>
          <div
            class="c6"
          >
            <div>
              Body
            </div>
          </div>
          <div
            class="c7"
          >
            <div>
              Footer
            </div>
          </div>
        </div>
      </div>
    </div>
    <div
      aria-hidden="true"
      style="width: 0px; height: 0px; overflow: hidden;"
      tabindex="0"
    />
  </div>
</div>
`;

exports[`Modal with size x-large with a bottom panel 1`] = `
.c2 {
  display: -webkit-box;
  display: -webkit-flex;
  display: -ms-flexbox;
  display: flex;
  -webkit-flex-direction: column;
  -ms-flex-direction: column;
  flex-direction: column;
  height: 100%;
}

.c8 {
  box-sizing: border-box;
  height: 8.4rem;
  border-top: 1px solid #d9d9d9;
}

.c1 {
  cursor: inherit;
  display: -webkit-box;
  display: -webkit-flex;
  display: -ms-flexbox;
  display: flex;
}

.c0 {
  width: 63rem !important;
}

.c0 .rc-dialog-body {
  padding: 0;
  height: calc(100vh - 14rem);
  min-height: 35rem;
}

.c0 .rc-dialog-content {
  border-radius: 0.4rem;
}

.c0 .rc-dialog-close {
  top: 2.5rem;
  opacity: unset;
  padding: 0.15rem;
  background-color: #808080;
  border-radius: 999px;
}

.c0 .rc-dialog-close svg {
  fill: #e6e6e6;
}

.c3 {
  display: -webkit-box;
  display: -webkit-flex;
  display: -ms-flexbox;
  display: flex;
  padding: 2.1rem 2.8rem;
  border-radius: 0.4rem 0.4rem 0rem 0rem;
  background: #f2f2f2;
}

.c4 {
  font-size: 20px;
  line-height: 30px;
  color: #333333;
}

.c5 {
  display: -webkit-box;
  display: -webkit-flex;
  display: -ms-flexbox;
  display: flex;
  -webkit-box-flex: 1;
  -webkit-flex-grow: 1;
  -ms-flex-positive: 1;
  flex-grow: 1;
  -webkit-box-pack: end;
  -webkit-justify-content: flex-end;
  -ms-flex-pack: end;
  justify-content: flex-end;
  -webkit-align-items: center;
  -webkit-box-align: center;
  -ms-flex-align: center;
  align-items: center;
}

.c6 {
  padding: 2.1rem 2.8rem 0rem;
  overflow-y: auto;
  -webkit-flex: 1 1 auto;
  -ms-flex: 1 1 auto;
  flex: 1 1 auto;
}

.c7 {
  padding: 2.1rem 2.8rem;
  justify-self: flex-end;
  border-top: none;
}

<div
  class="rc-dialog-wrap "
  role="dialog"
  tabindex="-1"
>
  <div
    class="rc-dialog c0"
    role="document"
  >
    <div
      aria-hidden="true"
      style="width: 0px; height: 0px; overflow: hidden;"
      tabindex="0"
    />
    <div
      class="rc-dialog-content"
    >
      <button
        aria-label="Close"
        class="rc-dialog-close"
      >
        <span
          class="c1"
          type="oClear"
        >
          <svg
            fill="#000"
            height="18px"
            viewBox="0 0 24 24"
            width="18px"
            xmlns="http://www.w3.org/2000/svg"
          >
            <path
              d="M19 6.41L17.59 5L12 10.59L6.41 5L5 6.41L10.59 12L5 17.59L6.41 19L12 13.41L17.59 19L19 17.59L13.41 12L19 6.41Z"
            />
          </svg>
        </span>
      </button>
      <div
        class="rc-dialog-body"
      >
        <div
          class="c2"
        >
          <div
            class="c3"
          >
            <div
              class="c4"
            >
              Title
            </div>
            <div
              class="c5"
            />
          </div>
          <div
            class="c6"
          >
            <div>
              Body
            </div>
          </div>
          <div
            class="c7"
          >
            <div>
              Footer
            </div>
          </div>
          <div
            class="c8"
          >
            <div>
              Panel content
            </div>
          </div>
        </div>
      </div>
    </div>
    <div
      aria-hidden="true"
      style="width: 0px; height: 0px; overflow: hidden;"
      tabindex="0"
    />
  </div>
</div>
`;

exports[`Modal with size x-large with a left panel 1`] = `
.c2 {
  display: -webkit-box;
  display: -webkit-flex;
  display: -ms-flexbox;
  display: flex;
  -webkit-flex-direction: column;
  -ms-flex-direction: column;
  flex-direction: column;
  height: 100%;
}

.c6 {
  display: -webkit-box;
  display: -webkit-flex;
  display: -ms-flexbox;
  display: flex;
  -webkit-flex-direction: row;
  -ms-flex-direction: row;
  flex-direction: row;
  -webkit-align-items: stretch;
  -webkit-box-align: stretch;
  -ms-flex-align: stretch;
  align-items: stretch;
  -webkit-flex: 1 1 auto;
  -ms-flex: 1 1 auto;
  flex: 1 1 auto;
}

.c7 {
  width: 210px;
  border-right: 1px solid #d9d9d9;
}

.c8 {
  width: 100%;
  display: -webkit-box;
  display: -webkit-flex;
  display: -ms-flexbox;
  display: flex;
  -webkit-flex-direction: column;
  -ms-flex-direction: column;
  flex-direction: column;
}

.c1 {
  cursor: inherit;
  display: -webkit-box;
  display: -webkit-flex;
  display: -ms-flexbox;
  display: flex;
}

.c0 {
  width: 63rem !important;
}

.c0 .rc-dialog-body {
  padding: 0;
  height: calc(100vh - 14rem);
  min-height: 35rem;
}

.c0 .rc-dialog-content {
  border-radius: 0.4rem;
}

.c0 .rc-dialog-close {
  top: 2.5rem;
  opacity: unset;
  padding: 0.15rem;
  background-color: #808080;
  border-radius: 999px;
}

.c0 .rc-dialog-close svg {
  fill: #e6e6e6;
}

.c3 {
  display: -webkit-box;
  display: -webkit-flex;
  display: -ms-flexbox;
  display: flex;
  padding: 2.1rem 2.8rem;
  border-radius: 0.4rem 0.4rem 0rem 0rem;
  background: #f2f2f2;
}

.c4 {
  font-size: 20px;
  line-height: 30px;
  color: #333333;
}

.c5 {
  display: -webkit-box;
  display: -webkit-flex;
  display: -ms-flexbox;
  display: flex;
  -webkit-box-flex: 1;
  -webkit-flex-grow: 1;
  -ms-flex-positive: 1;
  flex-grow: 1;
  -webkit-box-pack: end;
  -webkit-justify-content: flex-end;
  -ms-flex-pack: end;
  justify-content: flex-end;
  -webkit-align-items: center;
  -webkit-box-align: center;
  -ms-flex-align: center;
  align-items: center;
}

.c9 {
  padding: 2.1rem 2.8rem 0rem;
  overflow-y: auto;
  -webkit-flex: 1 1 auto;
  -ms-flex: 1 1 auto;
  flex: 1 1 auto;
}

.c10 {
  padding: 2.1rem 2.8rem;
  justify-self: flex-end;
  border-top: none;
}

<div
  class="rc-dialog-wrap "
  role="dialog"
  tabindex="-1"
>
  <div
    class="rc-dialog c0"
    role="document"
  >
    <div
      aria-hidden="true"
      style="width: 0px; height: 0px; overflow: hidden;"
      tabindex="0"
    />
    <div
      class="rc-dialog-content"
    >
      <button
        aria-label="Close"
        class="rc-dialog-close"
      >
        <span
          class="c1"
          type="oClear"
        >
          <svg
            fill="#000"
            height="18px"
            viewBox="0 0 24 24"
            width="18px"
            xmlns="http://www.w3.org/2000/svg"
          >
            <path
              d="M19 6.41L17.59 5L12 10.59L6.41 5L5 6.41L10.59 12L5 17.59L6.41 19L12 13.41L17.59 19L19 17.59L13.41 12L19 6.41Z"
            />
          </svg>
        </span>
      </button>
      <div
        class="rc-dialog-body"
      >
        <div
          class="c2"
        >
          <div
            class="c3"
          >
            <div
              class="c4"
            >
              Title
            </div>
            <div
              class="c5"
            />
          </div>
          <div
            class="c6"
          >
            <div
              class="c7"
            >
              <div>
                Panel content
              </div>
            </div>
            <div
              class="c8"
            >
              <div
                class="c9"
              >
                <div>
                  Body
                </div>
              </div>
              <div
                class="c10"
              >
                <div>
                  Footer
                </div>
              </div>
            </div>
          </div>
        </div>
      </div>
    </div>
    <div
      aria-hidden="true"
      style="width: 0px; height: 0px; overflow: hidden;"
      tabindex="0"
    />
  </div>
</div>
`;

exports[`Modal with size x-large with a right panel 1`] = `
.c2 {
  display: -webkit-box;
  display: -webkit-flex;
  display: -ms-flexbox;
  display: flex;
  -webkit-flex-direction: column;
  -ms-flex-direction: column;
  flex-direction: column;
  height: 100%;
}

.c6 {
  display: -webkit-box;
  display: -webkit-flex;
  display: -ms-flexbox;
  display: flex;
  -webkit-flex-direction: row;
  -ms-flex-direction: row;
  flex-direction: row;
  -webkit-align-items: stretch;
  -webkit-box-align: stretch;
  -ms-flex-align: stretch;
  align-items: stretch;
  -webkit-flex: 1 1 auto;
  -ms-flex: 1 1 auto;
  flex: 1 1 auto;
}

.c7 {
  width: 100%;
  -webkit-flex: 1 1 auto;
  -ms-flex: 1 1 auto;
  flex: 1 1 auto;
  display: -webkit-box;
  display: -webkit-flex;
  display: -ms-flexbox;
  display: flex;
  -webkit-flex-direction: column;
  -ms-flex-direction: column;
  flex-direction: column;
}

.c10 {
  width: 210px;
  border-left: 1px solid #d9d9d9;
}

.c1 {
  cursor: inherit;
  display: -webkit-box;
  display: -webkit-flex;
  display: -ms-flexbox;
  display: flex;
}

.c0 {
  width: 63rem !important;
}

.c0 .rc-dialog-body {
  padding: 0;
  height: calc(100vh - 14rem);
  min-height: 35rem;
}

.c0 .rc-dialog-content {
  border-radius: 0.4rem;
}

.c0 .rc-dialog-close {
  top: 2.5rem;
  opacity: unset;
  padding: 0.15rem;
  background-color: #808080;
  border-radius: 999px;
}

.c0 .rc-dialog-close svg {
  fill: #e6e6e6;
}

.c3 {
  display: -webkit-box;
  display: -webkit-flex;
  display: -ms-flexbox;
  display: flex;
  padding: 2.1rem 2.8rem;
  border-radius: 0.4rem 0.4rem 0rem 0rem;
  background: #f2f2f2;
}

.c4 {
  font-size: 20px;
  line-height: 30px;
  color: #333333;
}

.c5 {
  display: -webkit-box;
  display: -webkit-flex;
  display: -ms-flexbox;
  display: flex;
  -webkit-box-flex: 1;
  -webkit-flex-grow: 1;
  -ms-flex-positive: 1;
  flex-grow: 1;
  -webkit-box-pack: end;
  -webkit-justify-content: flex-end;
  -ms-flex-pack: end;
  justify-content: flex-end;
  -webkit-align-items: center;
  -webkit-box-align: center;
  -ms-flex-align: center;
  align-items: center;
}

.c8 {
  padding: 2.1rem 2.8rem 0rem;
  overflow-y: auto;
  -webkit-flex: 1 1 auto;
  -ms-flex: 1 1 auto;
  flex: 1 1 auto;
}

.c9 {
  padding: 2.1rem 2.8rem;
  justify-self: flex-end;
  border-top: none;
}

<div
  class="rc-dialog-wrap "
  role="dialog"
  tabindex="-1"
>
  <div
    class="rc-dialog c0"
    role="document"
  >
    <div
      aria-hidden="true"
      style="width: 0px; height: 0px; overflow: hidden;"
      tabindex="0"
    />
    <div
      class="rc-dialog-content"
    >
      <button
        aria-label="Close"
        class="rc-dialog-close"
      >
        <span
          class="c1"
          type="oClear"
        >
          <svg
            fill="#000"
            height="18px"
            viewBox="0 0 24 24"
            width="18px"
            xmlns="http://www.w3.org/2000/svg"
          >
            <path
              d="M19 6.41L17.59 5L12 10.59L6.41 5L5 6.41L10.59 12L5 17.59L6.41 19L12 13.41L17.59 19L19 17.59L13.41 12L19 6.41Z"
            />
          </svg>
        </span>
      </button>
      <div
        class="rc-dialog-body"
      >
        <div
          class="c2"
        >
          <div
            class="c3"
          >
            <div
              class="c4"
            >
              Title
            </div>
            <div
              class="c5"
            />
          </div>
          <div
            class="c6"
          >
            <div
              class="c7"
            >
              <div
                class="c8"
              >
                <div>
                  Body
                </div>
              </div>
              <div
                class="c9"
              >
                <div>
                  Footer
                </div>
              </div>
            </div>
            <div
              class="c10"
            >
              <div>
                Panel content
              </div>
            </div>
          </div>
        </div>
      </div>
    </div>
    <div
      aria-hidden="true"
      style="width: 0px; height: 0px; overflow: hidden;"
      tabindex="0"
    />
  </div>
</div>
`;

exports[`Modal with size x-large with right section in header 1`] = `
.c2 {
  display: -webkit-box;
  display: -webkit-flex;
  display: -ms-flexbox;
  display: flex;
  -webkit-flex-direction: column;
  -ms-flex-direction: column;
  flex-direction: column;
  height: 100%;
}

.c1 {
  cursor: inherit;
  display: -webkit-box;
  display: -webkit-flex;
  display: -ms-flexbox;
  display: flex;
}

.c0 {
  width: 63rem !important;
}

.c0 .rc-dialog-body {
  padding: 0;
  height: calc(100vh - 14rem);
  min-height: 35rem;
}

.c0 .rc-dialog-content {
  border-radius: 0.4rem;
}

.c0 .rc-dialog-close {
  right: -1rem;
  top: -1rem;
  opacity: unset;
  padding: 0.15rem;
  background-color: #808080;
  border-radius: 999px;
}

.c0 .rc-dialog-close svg {
  fill: #e6e6e6;
}

.c3 {
  display: -webkit-box;
  display: -webkit-flex;
  display: -ms-flexbox;
  display: flex;
  padding: 2.1rem 2.8rem;
  border-radius: 0.4rem 0.4rem 0rem 0rem;
  background: #f2f2f2;
}

.c4 {
  font-size: 20px;
  line-height: 30px;
  color: #333333;
}

.c5 {
  display: -webkit-box;
  display: -webkit-flex;
  display: -ms-flexbox;
  display: flex;
  -webkit-box-flex: 1;
  -webkit-flex-grow: 1;
  -ms-flex-positive: 1;
  flex-grow: 1;
  -webkit-box-pack: end;
  -webkit-justify-content: flex-end;
  -ms-flex-pack: end;
  justify-content: flex-end;
  -webkit-align-items: center;
  -webkit-box-align: center;
  -ms-flex-align: center;
  align-items: center;
}

.c6 {
  padding: 2.1rem 2.8rem 0rem;
  overflow-y: auto;
  -webkit-flex: 1 1 auto;
  -ms-flex: 1 1 auto;
  flex: 1 1 auto;
}

.c7 {
  padding: 2.1rem 2.8rem;
  justify-self: flex-end;
  border-top: none;
}

<div
  class="rc-dialog-wrap "
  role="dialog"
  tabindex="-1"
>
  <div
    class="rc-dialog c0"
    role="document"
  >
    <div
      aria-hidden="true"
      style="width: 0px; height: 0px; overflow: hidden;"
      tabindex="0"
    />
    <div
      class="rc-dialog-content"
    >
      <button
        aria-label="Close"
        class="rc-dialog-close"
      >
        <span
          class="c1"
          type="oClear"
        >
          <svg
            fill="#000"
            height="18px"
            viewBox="0 0 24 24"
            width="18px"
            xmlns="http://www.w3.org/2000/svg"
          >
            <path
              d="M19 6.41L17.59 5L12 10.59L6.41 5L5 6.41L10.59 12L5 17.59L6.41 19L12 13.41L17.59 19L19 17.59L13.41 12L19 6.41Z"
            />
          </svg>
        </span>
      </button>
      <div
        class="rc-dialog-body"
      >
        <div
          class="c2"
        >
          <div
            class="c3"
          >
            <div
              class="c4"
            >
              Title
            </div>
            <div
              class="c5"
            >
              <div>
                <div>
                  The right section
                </div>
              </div>
            </div>
          </div>
          <div
            class="c6"
          >
            <div>
              Body
            </div>
          </div>
          <div
            class="c7"
          >
            <div>
              Footer
            </div>
          </div>
        </div>
      </div>
    </div>
    <div
      aria-hidden="true"
      style="width: 0px; height: 0px; overflow: hidden;"
      tabindex="0"
    />
  </div>
</div>
`;

exports[`Modal with size x-large with simple config 1`] = `
.c2 {
  display: -webkit-box;
  display: -webkit-flex;
  display: -ms-flexbox;
  display: flex;
  -webkit-flex-direction: column;
  -ms-flex-direction: column;
  flex-direction: column;
  height: 100%;
}

.c1 {
  cursor: inherit;
  display: -webkit-box;
  display: -webkit-flex;
  display: -ms-flexbox;
  display: flex;
}

.c0 {
  width: 63rem !important;
}

.c0 .rc-dialog-body {
  padding: 0;
  height: calc(100vh - 14rem);
  min-height: 35rem;
}

.c0 .rc-dialog-content {
  border-radius: 0.4rem;
}

.c0 .rc-dialog-close {
  top: 2.5rem;
  opacity: unset;
  padding: 0.15rem;
  background-color: #808080;
  border-radius: 999px;
}

.c0 .rc-dialog-close svg {
  fill: #e6e6e6;
}

.c3 {
  display: -webkit-box;
  display: -webkit-flex;
  display: -ms-flexbox;
  display: flex;
  padding: 2.1rem 2.8rem;
  border-radius: 0.4rem 0.4rem 0rem 0rem;
  background: #f2f2f2;
}

.c4 {
  font-size: 20px;
  line-height: 30px;
  color: #333333;
}

.c5 {
  display: -webkit-box;
  display: -webkit-flex;
  display: -ms-flexbox;
  display: flex;
  -webkit-box-flex: 1;
  -webkit-flex-grow: 1;
  -ms-flex-positive: 1;
  flex-grow: 1;
  -webkit-box-pack: end;
  -webkit-justify-content: flex-end;
  -ms-flex-pack: end;
  justify-content: flex-end;
  -webkit-align-items: center;
  -webkit-box-align: center;
  -ms-flex-align: center;
  align-items: center;
}

.c6 {
  padding: 2.1rem 2.8rem 0rem;
  overflow-y: auto;
  -webkit-flex: 1 1 auto;
  -ms-flex: 1 1 auto;
  flex: 1 1 auto;
}

.c7 {
  padding: 2.1rem 2.8rem;
  justify-self: flex-end;
  border-top: none;
}

<div
  class="rc-dialog-wrap "
  role="dialog"
  tabindex="-1"
>
  <div
    class="rc-dialog c0"
    role="document"
  >
    <div
      aria-hidden="true"
      style="width: 0px; height: 0px; overflow: hidden;"
      tabindex="0"
    />
    <div
      class="rc-dialog-content"
    >
      <button
        aria-label="Close"
        class="rc-dialog-close"
      >
        <span
          class="c1"
          type="oClear"
        >
          <svg
            fill="#000"
            height="18px"
            viewBox="0 0 24 24"
            width="18px"
            xmlns="http://www.w3.org/2000/svg"
          >
            <path
              d="M19 6.41L17.59 5L12 10.59L6.41 5L5 6.41L10.59 12L5 17.59L6.41 19L12 13.41L17.59 19L19 17.59L13.41 12L19 6.41Z"
            />
          </svg>
        </span>
      </button>
      <div
        class="rc-dialog-body"
      >
        <div
          class="c2"
        >
          <div
            class="c3"
          >
            <div
              class="c4"
            >
              Title
            </div>
            <div
              class="c5"
            />
          </div>
          <div
            class="c6"
          >
            <div>
              Body
            </div>
          </div>
          <div
            class="c7"
          >
            <div>
              Footer
            </div>
          </div>
        </div>
      </div>
    </div>
    <div
      aria-hidden="true"
      style="width: 0px; height: 0px; overflow: hidden;"
      tabindex="0"
    />
  </div>
</div>
`;
